2026-04-24 13:11:37,327 [INFO] ==================================================
2026-04-24 13:11:37,327 [INFO] ETL Pipeline basliyor...
2026-04-24 13:11:37,359 [INFO] dim_date yukleniyor...
2026-04-24 13:11:45,198 [ERROR] [HATA] dim_date: update or delete on table "dim_date" violates foreign key constraint "fact_payments_date_key_fkey" on table "fact_payments"
DETAIL:  Key (date_key)=(20211229) is still referenced from table "fact_payments".

2026-04-24 13:11:45,206 [INFO] dim_plan yukleniyor...
2026-04-24 13:11:45,217 [ERROR] [HATA] dim_plan: update or delete on table "dim_plan" violates foreign key constraint "fact_payments_plan_key_fkey" on table "fact_payments"
DETAIL:  Key (plan_key)=(6) is still referenced from table "fact_payments".

2026-04-24 13:11:45,222 [INFO] dim_member yukleniyor...
2026-04-24 13:11:45,410 [ERROR] [HATA] dim_member: update or delete on table "dim_member" violates foreign key constraint "fact_payments_member_key_fkey" on table "fact_payments"
DETAIL:  Key (member_key)=(13801) is still referenced from table "fact_payments".

2026-04-24 13:11:45,421 [INFO] fact_payments yukleniyor...
2026-04-24 13:12:03,813 [INFO] fact_payments: 335697 kayit yuklendi.
2026-04-24 13:12:03,936 [INFO] [OK] fact_payments: 335697 satir, 18.51 sn
2026-04-24 13:12:03,936 [INFO] fact_lottery yukleniyor...
2026-04-24 13:12:04,547 [INFO] fact_lottery: 13691 kayit yuklendi.
2026-04-24 13:12:04,551 [INFO] [OK] fact_lottery: 13691 satir, 0.61 sn
2026-04-24 13:12:04,552 [INFO] Pipeline tamamlandi. Toplam sure: 27.22 sn
2026-04-24 13:12:04,552 [INFO] ==================================================
2026-04-24 13:18:42,230 [INFO] ==================================================
2026-04-24 13:18:42,231 [INFO] ETL Pipeline basliyor...
2026-04-24 13:18:42,306 [INFO] Tüm tablolar temizlendi.
2026-04-24 13:18:42,306 [INFO] dim_date yukleniyor...
2026-04-24 13:18:42,399 [INFO] dim_date: 2922 gun yuklendi.
2026-04-24 13:18:42,407 [INFO] [OK] dim_date: 2922 satir, 0.09 sn
2026-04-24 13:18:42,407 [INFO] dim_plan yukleniyor...
2026-04-24 13:18:42,418 [INFO] dim_plan: 5 plan yuklendi.
2026-04-24 13:18:42,422 [INFO] [OK] dim_plan: 5 satir, 0.01 sn
2026-04-24 13:18:42,422 [INFO] dim_member yukleniyor...
2026-04-24 13:18:43,385 [INFO] dim_member: 13800 uye yuklendi.
2026-04-24 13:18:43,397 [INFO] [OK] dim_member: 13800 satir, 0.97 sn
2026-04-24 13:18:43,397 [INFO] fact_payments yukleniyor...
2026-04-24 13:18:59,552 [INFO] fact_payments: 335266 kayit yuklendi.
2026-04-24 13:18:59,671 [INFO] [OK] fact_payments: 335266 satir, 16.27 sn
2026-04-24 13:18:59,671 [INFO] fact_lottery yukleniyor...
2026-04-24 13:19:00,224 [INFO] fact_lottery: 13770 kayit yuklendi.
2026-04-24 13:19:00,229 [INFO] [OK] fact_lottery: 13770 satir, 0.55 sn
2026-04-24 13:19:00,229 [INFO] Pipeline tamamlandi. Toplam sure: 18.0 sn
2026-04-24 13:19:00,229 [INFO] ==================================================
2026-04-24 14:51:50,940 [INFO] ==================================================
2026-04-24 14:51:50,940 [INFO] ETL Pipeline basliyor...
2026-04-24 14:51:51,044 [INFO] Tüm tablolar temizlendi.
2026-04-24 14:51:51,045 [INFO] dim_date yukleniyor...
2026-04-24 14:51:51,197 [INFO] dim_date: 2922 gun yuklendi.
2026-04-24 14:51:51,208 [INFO] [OK] dim_date: 2922 satir, 0.15 sn
2026-04-24 14:51:51,208 [INFO] dim_plan yukleniyor...
2026-04-24 14:51:51,223 [INFO] dim_plan: 5 plan yuklendi.
2026-04-24 14:51:51,227 [INFO] [OK] dim_plan: 5 satir, 0.01 sn
2026-04-24 14:51:51,227 [INFO] dim_member yukleniyor...
2026-04-24 14:51:52,359 [INFO] dim_member: 13800 uye yuklendi.
2026-04-24 14:51:52,375 [INFO] [OK] dim_member: 13800 satir, 1.14 sn
2026-04-24 14:51:52,375 [INFO] fact_payments yukleniyor...
2026-04-24 14:52:10,096 [INFO] fact_payments: 335266 kayit yuklendi.
2026-04-24 14:52:10,230 [INFO] [OK] fact_payments: 335266 satir, 17.85 sn
2026-04-24 14:52:10,230 [INFO] fact_lottery yukleniyor...
2026-04-24 14:52:11,382 [INFO] fact_lottery: 13770 kayit yuklendi.
2026-04-24 14:52:11,415 [INFO] [OK] fact_lottery: 13770 satir, 1.18 sn
2026-04-24 14:52:11,416 [INFO] Pipeline tamamlandi. Toplam sure: 20.48 sn
2026-04-24 14:52:11,416 [INFO] ==================================================
2026-04-27 10:42:37,053 [INFO] ==================================================
2026-04-27 10:42:37,075 [INFO] ETL Pipeline basliyor...
2026-04-27 10:42:37,861 [INFO] Tüm tablolar temizlendi.
2026-04-27 10:42:37,862 [INFO] dim_date yukleniyor...
2026-04-27 10:42:38,574 [INFO] dim_date: 2922 gun yuklendi.
2026-04-27 10:42:38,658 [INFO] [OK] dim_date: 2922 satir, 0.72 sn
2026-04-27 10:42:38,661 [INFO] dim_plan yukleniyor...
2026-04-27 10:42:38,784 [INFO] dim_plan: 5 plan yuklendi.
2026-04-27 10:42:38,821 [INFO] [OK] dim_plan: 5 satir, 0.13 sn
2026-04-27 10:42:38,823 [INFO] dim_member SCD' yukleniyor...
2026-04-27 10:42:39,864 [INFO] Staging'den 13800 kayit alindi.
2026-04-27 10:44:29,817 [INFO] dim_member SCD2 tamamlandi: 0 eklendi, 0 guncellendi, 13800 atlandi.
2026-04-27 10:44:29,840 [INFO] [OK] dim_member: 13800 satir, 111.0 sn
2026-04-27 10:44:29,841 [INFO] fact_payments yukleniyor...
2026-04-27 10:44:57,576 [INFO] fact_payments: 335266 kayit yuklendi.
2026-04-27 10:44:57,712 [INFO] [OK] fact_payments: 335266 satir, 27.86 sn
2026-04-27 10:44:57,712 [INFO] fact_lottery yukleniyor...
2026-04-27 10:44:59,380 [INFO] fact_lottery: 13770 kayit yuklendi.
2026-04-27 10:44:59,426 [INFO] [OK] fact_lottery: 13770 satir, 1.71 sn
2026-04-27 10:44:59,427 [INFO] Pipeline tamamlandi. Toplam sure: 142.3 sn
2026-04-27 10:44:59,427 [INFO] ==================================================
2026-04-27 10:47:27,917 [INFO] ==================================================
2026-04-27 10:47:27,918 [INFO] ETL Pipeline basliyor...
2026-04-27 10:47:28,039 [INFO] Tüm tablolar temizlendi.
2026-04-27 10:47:28,040 [INFO] dim_date yukleniyor...
2026-04-27 10:47:28,527 [INFO] dim_date: 2922 gun yuklendi.
2026-04-27 10:47:28,570 [INFO] [OK] dim_date: 2922 satir, 0.49 sn
2026-04-27 10:47:28,577 [INFO] dim_plan yukleniyor...
2026-04-27 10:47:28,633 [INFO] dim_plan: 5 plan yuklendi.
2026-04-27 10:47:28,682 [INFO] [OK] dim_plan: 5 satir, 0.07 sn
2026-04-27 10:47:28,682 [INFO] dim_member SCD' yukleniyor...
2026-04-27 10:47:29,722 [INFO] Staging'den 13800 kayit alindi.
2026-04-27 10:47:51,857 [INFO] ==================================================
2026-04-27 10:47:51,858 [INFO] ETL Pipeline basliyor...
2026-04-27 10:47:51,948 [INFO] Tüm tablolar temizlendi.
2026-04-27 10:47:51,948 [INFO] dim_date yukleniyor...
2026-04-27 10:47:52,147 [INFO] dim_date: 2922 gun yuklendi.
2026-04-27 10:47:52,159 [INFO] [OK] dim_date: 2922 satir, 0.2 sn
2026-04-27 10:47:52,159 [INFO] dim_plan yukleniyor...
2026-04-27 10:47:52,175 [INFO] dim_plan: 5 plan yuklendi.
2026-04-27 10:47:52,183 [INFO] [OK] dim_plan: 5 satir, 0.02 sn
2026-04-27 10:47:52,183 [INFO] dim_member SCD' yukleniyor...
2026-04-27 10:47:52,777 [INFO] Staging'den 13800 kayit alindi.
2026-04-27 10:49:34,125 [INFO] dim_member SCD2 tamamlandi: 0 eklendi, 1 guncellendi, 13799 atlandi.
2026-04-27 10:49:34,136 [INFO] [OK] dim_member: 13800 satir, 101.95 sn
2026-04-27 10:49:34,136 [INFO] fact_payments yukleniyor...
2026-04-27 10:50:12,955 [INFO] fact_payments: 335266 kayit yuklendi.
2026-04-27 10:50:13,130 [INFO] [OK] fact_payments: 335266 satir, 38.99 sn
2026-04-27 10:50:13,130 [INFO] fact_lottery yukleniyor...
2026-04-27 10:50:15,183 [INFO] fact_lottery: 13770 kayit yuklendi.
2026-04-27 10:50:15,233 [INFO] [OK] fact_lottery: 13770 satir, 2.1 sn
2026-04-27 10:50:15,234 [INFO] Pipeline tamamlandi. Toplam sure: 143.38 sn
2026-04-27 10:50:15,234 [INFO] ==================================================
2026-04-27 11:01:57,306 [INFO] ==================================================
2026-04-27 11:01:57,308 [INFO] ETL Pipeline basliyor...
2026-04-27 11:01:57,522 [INFO] Tüm tablolar temizlendi.
2026-04-27 11:01:57,522 [INFO] dim_date yukleniyor...
2026-04-27 11:01:57,962 [INFO] dim_date: 2922 gun yuklendi.
2026-04-27 11:01:57,986 [INFO] [OK] dim_date: 2922 satir, 0.44 sn
2026-04-27 11:01:57,992 [INFO] dim_plan yukleniyor...
2026-04-27 11:01:58,035 [INFO] dim_plan: 5 plan yuklendi.
2026-04-27 11:01:58,052 [INFO] [OK] dim_plan: 5 satir, 0.04 sn
2026-04-27 11:01:58,054 [INFO] dim_member SCD' yukleniyor...
2026-04-27 11:01:58,974 [INFO] Staging'den 13800 kayit alindi.
2026-04-27 11:01:59,148 [INFO] dim_member'dan 13800 aktif kayit alindi.
2026-04-27 11:01:59,172 [INFO] dim_member SCD2 tamamlandi: 0 eklendi, 0 guncellendi, 13800 atlandi.
2026-04-27 11:01:59,301 [INFO] [OK] dim_member: 13800 satir, 1.15 sn
2026-04-27 11:01:59,316 [INFO] fact_payments yukleniyor...
2026-04-27 11:02:51,666 [INFO] fact_payments: 335266 kayit yuklendi.
2026-04-27 11:02:52,025 [INFO] [OK] fact_payments: 335266 satir, 52.7 sn
2026-04-27 11:02:52,026 [INFO] fact_lottery yukleniyor...
2026-04-27 11:02:56,656 [INFO] fact_lottery: 13770 kayit yuklendi.
2026-04-27 11:02:56,730 [INFO] [OK] fact_lottery: 13770 satir, 4.7 sn
2026-04-27 11:02:56,730 [INFO] Pipeline tamamlandi. Toplam sure: 59.42 sn
2026-04-27 11:02:56,731 [INFO] ==================================================
2026-04-27 11:05:00,316 [INFO] ==================================================
2026-04-27 11:05:00,318 [INFO] ETL Pipeline basliyor...
2026-04-27 11:05:00,527 [INFO] Tüm tablolar temizlendi.
2026-04-27 11:05:00,528 [INFO] dim_date yukleniyor...
2026-04-27 11:05:01,075 [INFO] dim_date: 2922 gun yuklendi.
2026-04-27 11:05:01,118 [INFO] [OK] dim_date: 2922 satir, 0.55 sn
2026-04-27 11:05:01,119 [INFO] dim_plan yukleniyor...
2026-04-27 11:05:01,176 [INFO] dim_plan: 5 plan yuklendi.
2026-04-27 11:05:01,228 [INFO] [OK] dim_plan: 5 satir, 0.06 sn
2026-04-27 11:05:01,229 [INFO] dim_member SCD' yukleniyor...
2026-04-27 11:05:01,691 [INFO] Staging'den 13800 kayit alindi.
2026-04-27 11:05:01,760 [INFO] dim_member'dan 13800 aktif kayit alindi.
2026-04-27 11:05:01,770 [INFO] dim_member SCD2 tamamlandi: 0 eklendi, 0 guncellendi, 13800 atlandi.
2026-04-27 11:05:01,796 [INFO] [OK] dim_member: 13800 satir, 0.56 sn
2026-04-27 11:05:01,797 [INFO] fact_payments yukleniyor...
2026-04-27 11:05:45,354 [INFO] fact_payments: 335266 kayit yuklendi.
2026-04-27 11:05:45,604 [INFO] [OK] fact_payments: 335266 satir, 43.8 sn
2026-04-27 11:05:45,604 [INFO] fact_lottery yukleniyor...
2026-04-27 11:05:48,257 [INFO] fact_lottery: 13770 kayit yuklendi.
2026-04-27 11:05:48,323 [INFO] [OK] fact_lottery: 13770 satir, 2.71 sn
2026-04-27 11:05:48,324 [INFO] Pipeline tamamlandi. Toplam sure: 48.0 sn
2026-04-27 11:05:48,325 [INFO] ==================================================
2026-04-27 11:06:04,366 [INFO] ==================================================
2026-04-27 11:06:04,379 [INFO] ETL Pipeline basliyor...
2026-04-27 11:06:04,787 [INFO] Tüm tablolar temizlendi.
2026-04-27 11:06:04,788 [INFO] dim_date yukleniyor...
2026-04-27 11:06:05,416 [INFO] dim_date: 2922 gun yuklendi.
2026-04-27 11:06:05,448 [INFO] [OK] dim_date: 2922 satir, 0.63 sn
2026-04-27 11:06:05,449 [INFO] dim_plan yukleniyor...
2026-04-27 11:06:05,527 [INFO] dim_plan: 5 plan yuklendi.
2026-04-27 11:06:05,578 [INFO] [OK] dim_plan: 5 satir, 0.08 sn
2026-04-27 11:06:05,580 [INFO] dim_member SCD' yukleniyor...
2026-04-27 11:06:06,340 [INFO] Staging'den 13800 kayit alindi.
2026-04-27 11:06:06,508 [INFO] dim_member'dan 13800 aktif kayit alindi.
2026-04-27 11:06:06,535 [INFO] dim_member SCD2 tamamlandi: 0 eklendi, 0 guncellendi, 13800 atlandi.
2026-04-27 11:06:06,596 [INFO] [OK] dim_member: 13800 satir, 0.99 sn
2026-04-27 11:06:06,597 [INFO] fact_payments yukleniyor...
2026-04-27 11:06:57,088 [INFO] fact_payments: 335266 kayit yuklendi.
2026-04-27 11:06:57,354 [INFO] [OK] fact_payments: 335266 satir, 50.75 sn
2026-04-27 11:06:57,355 [INFO] fact_lottery yukleniyor...
2026-04-27 11:07:00,297 [INFO] fact_lottery: 13770 kayit yuklendi.
2026-04-27 11:07:00,405 [INFO] [OK] fact_lottery: 13770 satir, 3.04 sn
2026-04-27 11:07:00,407 [INFO] Pipeline tamamlandi. Toplam sure: 56.0 sn
2026-04-27 11:07:00,408 [INFO] ==================================================
2026-04-27 14:15:30,365 [INFO] Scheduler basladi. Her gun 02:00 (Europe/Istanbul) calisacak.
2026-04-27 14:17:10,765 [INFO] Scheduler basladi. Her gun 14:18 (Europe/Istanbul) calisacak.
2026-04-27 14:18:00,020 [INFO] Zamanlanmis gorev tetiklendi.
2026-04-27 14:18:00,021 [INFO] ==================================================
2026-04-27 14:18:00,021 [INFO] ETL Pipeline basliyor...
2026-04-27 14:18:00,084 [INFO] Tüm tablolar temizlendi.
2026-04-27 14:18:00,084 [INFO] dim_date yukleniyor...
2026-04-27 14:18:00,187 [INFO] dim_date: 2922 gun yuklendi.
2026-04-27 14:18:00,191 [INFO] [OK] dim_date: 2922 satir, 0.1 sn
2026-04-27 14:18:00,191 [INFO] dim_plan yukleniyor...
2026-04-27 14:18:00,198 [INFO] dim_plan: 5 plan yuklendi.
2026-04-27 14:18:00,202 [INFO] [OK] dim_plan: 5 satir, 0.01 sn
2026-04-27 14:18:00,202 [INFO] dim_member SCD' yukleniyor...
2026-04-27 14:18:00,301 [INFO] Staging'den 13800 kayit alindi.
2026-04-27 14:18:00,319 [INFO] dim_member'dan 13800 aktif kayit alindi.
2026-04-27 14:18:00,324 [INFO] dim_member SCD2 tamamlandi: 0 eklendi, 0 guncellendi, 13800 atlandi.
2026-04-27 14:18:00,332 [INFO] [OK] dim_member: 13800 satir, 0.13 sn
2026-04-27 14:18:00,333 [INFO] fact_payments yukleniyor...
2026-04-27 14:18:17,219 [INFO] fact_payments: 335266 kayit yuklendi.
2026-04-27 14:18:17,353 [INFO] [OK] fact_payments: 335266 satir, 17.01 sn
2026-04-27 14:18:17,353 [INFO] fact_lottery yukleniyor...
2026-04-27 14:18:18,395 [INFO] fact_lottery: 13770 kayit yuklendi.
2026-04-27 14:18:18,430 [INFO] [OK] fact_lottery: 13770 satir, 1.07 sn
2026-04-27 14:18:18,431 [INFO] Pipeline tamamlandi. Toplam sure: 18.41 sn
2026-04-27 14:18:18,431 [INFO] ==================================================
2026-04-27 14:28:45,726 [INFO] ==================================================
2026-04-27 14:28:45,726 [INFO] ETL Pipeline basliyor...
2026-04-27 14:28:45,791 [INFO] Tüm tablolar temizlendi.
2026-04-27 14:28:45,791 [INFO] dim_date yukleniyor...
2026-04-27 14:28:45,931 [INFO] dim_date: 2922 gun yuklendi.
2026-04-27 14:28:45,937 [INFO] [OK] dim_date: 2922 satir, 0.14 sn
2026-04-27 14:28:45,938 [INFO] dim_plan yukleniyor...
2026-04-27 14:28:45,952 [INFO] dim_plan: 5 plan yuklendi.
2026-04-27 14:28:45,959 [INFO] [OK] dim_plan: 5 satir, 0.02 sn
2026-04-27 14:28:45,960 [INFO] dim_member SCD' yukleniyor...
2026-04-27 14:28:46,135 [INFO] Staging'den 13800 kayit alindi.
2026-04-27 14:28:46,152 [INFO] dim_member'dan 13800 aktif kayit alindi.
2026-04-27 14:28:47,510 [INFO] dim_member SCD2 tamamlandi: 1092 eklendi, 0 guncellendi, 12708 atlandi.
2026-04-27 14:28:47,524 [INFO] [OK] dim_member: 13800 satir, 1.56 sn
2026-04-27 14:28:47,524 [INFO] fact_payments yukleniyor...
2026-04-27 14:29:06,388 [INFO] fact_payments: 362915 kayit yuklendi.
2026-04-27 14:29:06,526 [INFO] [OK] fact_payments: 362915 satir, 19.0 sn
2026-04-27 14:29:06,527 [INFO] fact_lottery yukleniyor...
2026-04-27 14:29:07,611 [INFO] fact_lottery: 14829 kayit yuklendi.
2026-04-27 14:29:07,646 [INFO] [OK] fact_lottery: 14829 satir, 1.11 sn
2026-04-27 14:29:07,647 [INFO] Pipeline tamamlandi. Toplam sure: 21.92 sn
2026-04-27 14:29:07,647 [INFO] ==================================================
2026-04-27 16:42:33,891 [INFO] ==================================================
2026-04-27 16:42:33,891 [INFO] ETL Pipeline basliyor...
2026-04-27 16:42:33,937 [INFO] Tüm tablolar temizlendi.
2026-04-27 16:42:33,937 [INFO] dim_date yukleniyor...
2026-04-27 16:42:34,030 [INFO] dim_date: 2922 gun yuklendi.
2026-04-27 16:42:34,035 [INFO] [OK] dim_date: 2922 satir, 0.09 sn
2026-04-27 16:42:34,036 [INFO] dim_plan yukleniyor...
2026-04-27 16:42:34,046 [INFO] dim_plan: 5 plan yuklendi.
2026-04-27 16:42:34,051 [INFO] [OK] dim_plan: 5 satir, 0.01 sn
2026-04-27 16:42:34,051 [INFO] dim_member SCD' yukleniyor...
2026-04-27 16:42:34,145 [INFO] Staging'den 13800 kayit alindi.
2026-04-27 16:42:34,187 [INFO] dim_member'dan 14892 aktif kayit alindi.
2026-04-27 16:42:34,301 [INFO] dim_member SCD2 tamamlandi: 99 eklendi, 1 guncellendi, 13700 atlandi.
2026-04-27 16:42:34,308 [INFO] [OK] dim_member: 13800 satir, 0.25 sn
2026-04-27 16:42:34,308 [INFO] fact_payments yukleniyor...
2026-04-27 16:42:59,624 [INFO] fact_payments: 367574 kayit yuklendi.
2026-04-27 16:42:59,806 [INFO] [OK] fact_payments: 367574 satir, 25.49 sn
2026-04-27 16:42:59,806 [INFO] fact_lottery yukleniyor...
2026-04-27 16:43:02,908 [INFO] fact_lottery: 14954 kayit yuklendi.
2026-04-27 16:43:02,989 [INFO] [OK] fact_lottery: 14954 satir, 3.17 sn
2026-04-27 16:43:02,990 [INFO] Pipeline tamamlandi. Toplam sure: 29.1 sn
2026-04-27 16:43:02,991 [INFO] ==================================================
2026-04-28 12:35:02,967 [INFO] ==================================================
2026-04-28 12:35:02,967 [INFO] ETL Pipeline basliyor...
2026-04-28 12:35:03,012 [INFO] Fact ve dim tablolar temizlendi (dim_member korundu — SCD2).
2026-04-28 12:35:03,012 [INFO] dim_date yukleniyor...
2026-04-28 12:35:03,046 [INFO] dim_date araligi: 2021-12-01 → 2028-03-31
2026-04-28 12:35:03,122 [INFO] dim_date: 2313 gun yuklendi.
2026-04-28 12:35:03,122 [INFO] [OK] dim_date: 2313 satir, 0.11 sn
2026-04-28 12:35:03,122 [INFO] dim_plan yukleniyor...
2026-04-28 12:35:03,130 [ERROR] [HATA] dim_plan: there is no unique or exclusion constraint matching the ON CONFLICT specification

2026-04-28 12:35:03,130 [INFO] dim_member SCD2 yukleniyor...
2026-04-28 12:35:03,230 [INFO] Staging'den 13800 kayit alindi.
2026-04-28 12:35:03,255 [INFO] dim_member'dan 14991 aktif kayit alindi.
2026-04-28 12:35:03,271 [INFO] dim_member SCD2 tamamlandi: 6 eklendi, 0 guncellendi, 13794 atlandi.
2026-04-28 12:35:03,276 [INFO] [OK] dim_member: 13800 satir, 0.15 sn
2026-04-28 12:35:03,276 [INFO] fact_payments yukleniyor...
2026-04-28 12:35:03,282 [INFO] fact_payments: 0 kayit yuklendi.
2026-04-28 12:35:03,282 [INFO] [OK] fact_payments: 0 satir, 0.01 sn
2026-04-28 12:35:03,282 [INFO] fact_lottery yukleniyor...
2026-04-28 12:35:03,678 [INFO] [OK] fact_lottery: None satir, 0.4 sn
2026-04-28 12:35:03,679 [INFO] ==================================================
2026-04-28 12:35:03,679 [INFO] SATIR KAYBI RAPORU
2026-04-28 12:35:03,686 [WARNING] Satir kaybi raporu uretilirken hata: column "members.member_id" must appear in the GROUP BY clause or be used in an aggregate function
LINE 3:             SELECT member_id FROM staging.members
                           ^

2026-04-28 12:35:03,686 [INFO] Pipeline tamamlandi. Toplam sure: 0.72 sn
2026-04-28 12:35:03,686 [INFO] ==================================================
2026-04-28 12:36:46,717 [INFO] ==================================================
2026-04-28 12:36:46,718 [INFO] ETL Pipeline basliyor...
2026-04-28 12:36:46,755 [INFO] Fact ve dim tablolar temizlendi (dim_member korundu — SCD2).
2026-04-28 12:36:46,756 [INFO] dim_date yukleniyor...
2026-04-28 12:36:46,781 [INFO] dim_date araligi: 2021-12-01 → 2028-03-31
2026-04-28 12:36:46,857 [INFO] dim_date: 2313 gun yuklendi.
2026-04-28 12:36:46,858 [INFO] [OK] dim_date: 2313 satir, 0.1 sn
2026-04-28 12:36:46,858 [INFO] dim_plan yukleniyor...
2026-04-28 12:36:46,865 [INFO] dim_plan: 5 plan yuklendi.
2026-04-28 12:36:46,866 [INFO] [OK] dim_plan: 5 satir, 0.01 sn
2026-04-28 12:36:46,866 [INFO] dim_member SCD2 yukleniyor...
2026-04-28 12:36:46,961 [INFO] Staging'den 13800 kayit alindi.
2026-04-28 12:36:46,983 [INFO] dim_member'dan 14997 aktif kayit alindi.
2026-04-28 12:36:46,989 [INFO] dim_member SCD2 tamamlandi: 0 eklendi, 0 guncellendi, 13800 atlandi.
2026-04-28 12:36:46,993 [INFO] [OK] dim_member: 13800 satir, 0.13 sn
2026-04-28 12:36:46,994 [INFO] fact_payments yukleniyor...
2026-04-28 12:37:05,156 [INFO] fact_payments: 368229 kayit yuklendi.
2026-04-28 12:37:05,279 [INFO] [OK] fact_payments: 368229 satir, 18.29 sn
2026-04-28 12:37:05,280 [INFO] fact_lottery yukleniyor...
2026-04-28 12:37:05,873 [INFO] [OK] fact_lottery: None satir, 0.59 sn
2026-04-28 12:37:05,873 [INFO] ==================================================
2026-04-28 12:37:05,873 [INFO] SATIR KAYBI RAPORU
2026-04-28 12:37:05,881 [WARNING] Satir kaybi raporu uretilirken hata: column "members.member_id" must appear in the GROUP BY clause or be used in an aggregate function
LINE 3:             SELECT member_id FROM staging.members
                           ^

2026-04-28 12:37:05,881 [INFO] Pipeline tamamlandi. Toplam sure: 19.16 sn
2026-04-28 12:37:05,881 [INFO] ==================================================
2026-04-28 12:40:27,589 [INFO] ==================================================
2026-04-28 12:40:27,590 [INFO] ETL Pipeline basliyor...
2026-04-28 12:40:27,639 [INFO] Fact ve dim tablolar temizlendi (dim_member korundu — SCD2).
2026-04-28 12:40:27,639 [INFO] dim_date yukleniyor...
2026-04-28 12:40:27,669 [INFO] dim_date araligi: 2021-12-01 → 2028-03-31
2026-04-28 12:40:27,749 [INFO] dim_date: 2313 gun yuklendi.
2026-04-28 12:40:27,749 [INFO] [OK] dim_date: 2313 satir, 0.11 sn
2026-04-28 12:40:27,750 [INFO] dim_plan yukleniyor...
2026-04-28 12:40:27,756 [INFO] dim_plan: 5 plan yuklendi.
2026-04-28 12:40:27,757 [INFO] [OK] dim_plan: 5 satir, 0.01 sn
2026-04-28 12:40:27,757 [INFO] dim_member SCD2 yukleniyor...
2026-04-28 12:40:27,849 [INFO] Staging'den 13800 kayit alindi.
2026-04-28 12:40:27,864 [INFO] dim_member'dan 14997 aktif kayit alindi.
2026-04-28 12:40:27,869 [INFO] dim_member SCD2 tamamlandi: 0 eklendi, 0 guncellendi, 13800 atlandi.
2026-04-28 12:40:27,873 [INFO] [OK] dim_member: 13800 satir, 0.12 sn
2026-04-28 12:40:27,873 [INFO] fact_payments yukleniyor...
2026-04-28 12:40:51,590 [INFO] fact_payments: 368229 kayit yuklendi.
2026-04-28 12:40:51,757 [INFO] [OK] fact_payments: 368229 satir, 23.88 sn
2026-04-28 12:40:51,757 [INFO] fact_lottery yukleniyor...
2026-04-28 12:40:54,001 [INFO] fact_lottery: 14973 kayit yuklendi.
2026-04-28 12:40:54,020 [INFO] [OK] fact_lottery: 14973 satir, 2.26 sn
2026-04-28 12:40:54,021 [INFO] ==================================================
2026-04-28 12:40:54,021 [INFO] SATIR KAYBI RAPORU
2026-04-28 12:40:54,033 [WARNING] Satir kaybi raporu uretilirken hata: column "members.member_id" must appear in the GROUP BY clause or be used in an aggregate function
LINE 3:             SELECT member_id FROM staging.members
                           ^

2026-04-28 12:40:54,033 [INFO] Pipeline tamamlandi. Toplam sure: 26.44 sn
2026-04-28 12:40:54,034 [INFO] ==================================================
2026-04-28 12:43:47,716 [INFO] ==================================================
2026-04-28 12:43:47,717 [INFO] ETL Pipeline basliyor...
2026-04-28 12:43:47,760 [INFO] Fact ve dim tablolar temizlendi (dim_member korundu — SCD2).
2026-04-28 12:43:47,761 [INFO] dim_date yukleniyor...
2026-04-28 12:43:47,790 [INFO] dim_date araligi: 2021-12-01 → 2028-03-31
2026-04-28 12:43:47,863 [INFO] dim_date: 2313 gun yuklendi.
2026-04-28 12:43:47,863 [INFO] [OK] dim_date: 2313 satir, 0.1 sn
2026-04-28 12:43:47,864 [INFO] dim_plan yukleniyor...
2026-04-28 12:43:47,871 [INFO] dim_plan: 5 plan yuklendi.
2026-04-28 12:43:47,871 [INFO] [OK] dim_plan: 5 satir, 0.01 sn
2026-04-28 12:43:47,871 [INFO] dim_member SCD2 yukleniyor...
2026-04-28 12:43:47,965 [INFO] Staging'den 13800 kayit alindi.
2026-04-28 12:43:47,988 [INFO] dim_member'dan 14997 aktif kayit alindi.
2026-04-28 12:43:47,994 [INFO] dim_member SCD2 tamamlandi: 0 eklendi, 0 guncellendi, 13800 atlandi.
2026-04-28 12:43:47,998 [INFO] [OK] dim_member: 13800 satir, 0.13 sn
2026-04-28 12:43:47,999 [INFO] fact_payments yukleniyor...
2026-04-28 12:44:06,080 [INFO] fact_payments: 368229 kayit yuklendi.
2026-04-28 12:44:06,210 [INFO] [OK] fact_payments: 368229 satir, 18.21 sn
2026-04-28 12:44:06,210 [INFO] fact_lottery yukleniyor...
2026-04-28 12:44:07,347 [INFO] fact_lottery: 14973 kayit yuklendi.
2026-04-28 12:44:07,358 [INFO] [OK] fact_lottery: 14973 satir, 1.15 sn
2026-04-28 12:44:07,359 [INFO] ==================================================
2026-04-28 12:44:07,359 [INFO] SATIR KAYBI RAPORU
2026-04-28 12:44:07,384 [INFO] staging.members  → toplam     : 15450
2026-04-28 12:44:07,384 [INFO]   - NULL tc_hash filtresi      : 1235
2026-04-28 12:44:07,384 [INFO]   - Duplike (tc_hash bazlı)    : 415
2026-04-28 12:44:07,384 [INFO]   dim_member (is_current)      : 14997
2026-04-28 12:44:07,384 [INFO]   Açıklanamayan kayıp          : -1197
2026-04-28 12:44:07,442 [INFO] staging.payments → toplam     : 368297
2026-04-28 12:44:07,442 [INFO]   - FK mismatch (member yok)   : 68
2026-04-28 12:44:07,443 [INFO]   fact_payments               : 368229
2026-04-28 12:44:07,443 [INFO]   Açıklanamayan kayıp          : 0
2026-04-28 12:44:07,443 [INFO] ==================================================
2026-04-28 12:44:07,444 [INFO] Pipeline tamamlandi. Toplam sure: 19.73 sn
2026-04-28 12:44:07,444 [INFO] ==================================================
2026-04-28 13:49:23,501 [INFO] ==================================================
2026-04-28 13:49:23,501 [INFO] ETL Pipeline basliyor...
2026-04-28 13:49:23,574 [INFO] Fact ve dim tablolar temizlendi (dim_member korundu — SCD2).
2026-04-28 13:49:23,574 [INFO] dim_date yukleniyor...
2026-04-28 13:49:23,602 [INFO] dim_date araligi: 2021-12-01 → 2028-03-31
2026-04-28 13:49:23,680 [INFO] dim_date: 2313 gun yuklendi.
2026-04-28 13:49:23,681 [INFO] [OK] dim_date: 2313 satir, 0.11 sn
2026-04-28 13:49:23,681 [INFO] dim_plan yukleniyor...
2026-04-28 13:49:23,690 [INFO] dim_plan: 5 plan yuklendi.
2026-04-28 13:49:23,690 [INFO] [OK] dim_plan: 5 satir, 0.01 sn
2026-04-28 13:49:23,691 [INFO] dim_member SCD2 yukleniyor...
2026-04-28 13:49:23,783 [INFO] Staging'den 13800 kayit alindi.
2026-04-28 13:49:23,800 [INFO] dim_member'dan 14997 aktif kayit alindi.
2026-04-28 13:49:23,807 [INFO] dim_member SCD2 tamamlandi: 0 eklendi, 0 guncellendi, 13800 atlandi.
2026-04-28 13:49:23,810 [INFO] [OK] dim_member: 13800 satir, 0.12 sn
2026-04-28 13:49:23,811 [INFO] fact_payments yukleniyor...
2026-04-28 13:49:45,244 [INFO] fact_payments: 368229 kayit yuklendi.
2026-04-28 13:49:45,408 [INFO] [OK] fact_payments: 368229 satir, 21.6 sn
2026-04-28 13:49:45,408 [INFO] fact_lottery yukleniyor...
2026-04-28 13:49:46,866 [INFO] fact_lottery: 14973 kayit yuklendi.
2026-04-28 13:49:46,887 [INFO] [OK] fact_lottery: 14973 satir, 1.48 sn
2026-04-28 13:49:46,887 [INFO] ==================================================
2026-04-28 13:49:46,888 [INFO] SATIR KAYBI RAPORU
2026-04-28 13:49:46,967 [INFO] staging.members  → toplam     : 15450
2026-04-28 13:49:46,967 [INFO]   - NULL tc_hash filtresi      : 1235
2026-04-28 13:49:46,967 [INFO]   - Duplike (tc_hash bazlı)    : 415
2026-04-28 13:49:46,967 [INFO]   dim_member (is_current)      : 14997
2026-04-28 13:49:46,968 [INFO]   Açıklanamayan kayıp          : -1197
2026-04-28 13:49:47,025 [INFO] staging.payments → toplam     : 368297
2026-04-28 13:49:47,025 [INFO]   - FK mismatch (member yok)   : 68
2026-04-28 13:49:47,025 [INFO]   fact_payments               : 368229
2026-04-28 13:49:47,025 [INFO]   Açıklanamayan kayıp          : 0
2026-04-28 13:49:47,025 [INFO] ==================================================
2026-04-28 13:49:47,026 [INFO] Pipeline tamamlandi. Toplam sure: 23.52 sn
2026-04-28 13:49:47,026 [INFO] ==================================================
2026-04-28 14:01:42,195 [INFO] ==================================================
2026-04-28 14:01:42,195 [INFO] ETL Pipeline basliyor...
2026-04-28 14:01:42,249 [INFO] Fact ve dim tablolar temizlendi (dim_member korundu — SCD2).
2026-04-28 14:01:42,249 [INFO] dim_date yukleniyor...
2026-04-28 14:01:42,280 [INFO] dim_date araligi: 2021-12-01 → 2028-03-31
2026-04-28 14:01:42,369 [INFO] dim_date: 2313 gun yuklendi.
2026-04-28 14:01:42,369 [INFO] [OK] dim_date: 2313 satir, 0.12 sn
2026-04-28 14:01:42,369 [INFO] dim_plan yukleniyor...
2026-04-28 14:01:42,377 [INFO] dim_plan: 5 plan yuklendi.
2026-04-28 14:01:42,377 [INFO] [OK] dim_plan: 5 satir, 0.01 sn
2026-04-28 14:01:42,377 [INFO] dim_member SCD2 yukleniyor...
2026-04-28 14:01:42,479 [INFO] Staging'den 13800 kayit alindi.
2026-04-28 14:01:42,499 [INFO] dim_member'dan 14997 aktif kayit alindi.
2026-04-28 14:01:42,504 [INFO] dim_member SCD2 tamamlandi: 0 eklendi, 0 guncellendi, 13800 atlandi.
2026-04-28 14:01:42,510 [INFO] [OK] dim_member: 13800 satir, 0.13 sn
2026-04-28 14:01:42,510 [INFO] fact_payments yukleniyor...
2026-04-28 14:02:01,264 [INFO] fact_payments: 368229 kayit yuklendi.
2026-04-28 14:02:01,392 [INFO] [OK] fact_payments: 368229 satir, 18.88 sn
2026-04-28 14:02:01,392 [INFO] fact_lottery yukleniyor...
2026-04-28 14:02:02,620 [INFO] fact_lottery: 14973 kayit yuklendi.
2026-04-28 14:02:02,632 [INFO] [OK] fact_lottery: 14973 satir, 1.24 sn
2026-04-28 14:02:02,632 [INFO] ==================================================
2026-04-28 14:02:02,633 [INFO] SATIR KAYBI RAPORU
2026-04-28 14:02:02,693 [INFO] staging.members  → toplam     : 15450
2026-04-28 14:02:02,694 [INFO]   - NULL tc_hash filtresi      : 1235
2026-04-28 14:02:02,694 [INFO]   - Duplike (tc_hash bazlı)    : 415
2026-04-28 14:02:02,694 [INFO]   = Beklenen dim_member        : 13800
2026-04-28 14:02:02,694 [INFO]   dim_member (is_current)      : 14997
2026-04-28 14:02:02,695 [INFO]   Fark (SCD2 birikimi dahil)   : 1197
2026-04-28 14:02:02,757 [INFO] staging.payments → toplam     : 368297
2026-04-28 14:02:02,758 [INFO]   - FK mismatch (member yok)   : 68
2026-04-28 14:02:02,758 [INFO]   fact_payments               : 368229
2026-04-28 14:02:02,758 [INFO]   Açıklanamayan kayıp          : 0
2026-04-28 14:02:02,758 [INFO] ==================================================
2026-04-28 14:02:02,759 [INFO] Pipeline tamamlandi. Toplam sure: 20.56 sn
2026-04-28 14:02:02,759 [INFO] ==================================================
2026-04-28 14:08:06,262 [INFO] ==================================================
2026-04-28 14:08:06,262 [INFO] ETL Pipeline basliyor...
2026-04-28 14:08:06,315 [INFO] Fact ve dim tablolar temizlendi (dim_member korundu — SCD2).
2026-04-28 14:08:06,316 [INFO] dim_date yukleniyor...
2026-04-28 14:08:06,344 [INFO] dim_date araligi: 2021-12-01 → 2028-03-31
2026-04-28 14:08:06,430 [INFO] dim_date: 2313 gun yuklendi.
2026-04-28 14:08:06,430 [INFO] [OK] dim_date: 2313 satir, 0.11 sn
2026-04-28 14:08:06,431 [INFO] dim_plan yukleniyor...
2026-04-28 14:08:06,440 [INFO] dim_plan: 5 plan yuklendi.
2026-04-28 14:08:06,441 [INFO] [OK] dim_plan: 5 satir, 0.01 sn
2026-04-28 14:08:06,441 [INFO] dim_member SCD2 yukleniyor...
2026-04-28 14:08:06,577 [INFO] Staging'den 13800 kayit alindi.
2026-04-28 14:08:06,601 [INFO] dim_member'dan 14997 aktif kayit alindi.
2026-04-28 14:08:06,608 [INFO] dim_member SCD2 tamamlandi: 0 eklendi, 0 guncellendi, 13800 atlandi.
2026-04-28 14:08:06,613 [INFO] [OK] dim_member: 13800 satir, 0.17 sn
2026-04-28 14:08:06,613 [INFO] fact_payments yukleniyor...
2026-04-28 14:08:25,774 [INFO] fact_payments: 368229 kayit yuklendi.
2026-04-28 14:08:25,900 [INFO] [OK] fact_payments: 368229 satir, 19.29 sn
2026-04-28 14:08:25,900 [INFO] fact_lottery yukleniyor...
2026-04-28 14:08:27,210 [INFO] fact_lottery: 14973 kayit yuklendi.
2026-04-28 14:08:27,223 [INFO] [OK] fact_lottery: 14973 satir, 1.32 sn
2026-04-28 14:08:27,223 [INFO] ==================================================
2026-04-28 14:08:27,224 [INFO] SATIR KAYBI RAPORU
2026-04-28 14:08:27,286 [INFO] staging.members  → toplam     : 15450
2026-04-28 14:08:27,286 [INFO]   - NULL tc_hash filtresi      : 1235
2026-04-28 14:08:27,287 [INFO]   - Duplike (tc_hash bazlı)    : 415
2026-04-28 14:08:27,287 [INFO]   = Beklenen dim_member        : 13800
2026-04-28 14:08:27,287 [INFO]   dim_member (is_current)      : 14997
2026-04-28 14:08:27,287 [INFO]   Fark (SCD2 birikimi dahil)   : 1197
2026-04-28 14:08:27,347 [INFO] staging.payments → toplam     : 368297
2026-04-28 14:08:27,347 [INFO]   - FK mismatch (member yok)   : 68
2026-04-28 14:08:27,348 [INFO]   fact_payments               : 368229
2026-04-28 14:08:27,348 [INFO]   Açıklanamayan kayıp          : 0
2026-04-28 14:08:27,348 [INFO] ==================================================
2026-04-28 14:08:27,348 [INFO] Pipeline tamamlandi. Toplam sure: 21.09 sn
2026-04-28 14:08:27,349 [INFO] ==================================================
2026-04-28 14:10:17,754 [INFO] ==================================================
2026-04-28 14:10:17,755 [INFO] ETL Pipeline basliyor...
2026-04-28 14:10:17,908 [INFO] Fact ve dim tablolar temizlendi (dim_member korundu — SCD2).
2026-04-28 14:10:17,908 [INFO] dim_date yukleniyor...
2026-04-28 14:10:18,037 [INFO] dim_date araligi: 2021-12-01 → 2028-06-21
2026-04-28 14:10:18,488 [INFO] dim_date: 2395 gun yuklendi.
2026-04-28 14:10:18,489 [INFO] [OK] dim_date: 2395 satir, 0.58 sn
2026-04-28 14:10:18,490 [INFO] dim_plan yukleniyor...
2026-04-28 14:10:18,531 [INFO] dim_plan: 5 plan yuklendi.
2026-04-28 14:10:18,533 [INFO] [OK] dim_plan: 5 satir, 0.04 sn
2026-04-28 14:10:18,534 [INFO] dim_member SCD2 yukleniyor...
2026-04-28 14:10:18,923 [INFO] Staging'den 13800 kayit alindi.
2026-04-28 14:10:18,975 [INFO] dim_member'dan 14997 aktif kayit alindi.
2026-04-28 14:10:18,988 [INFO] dim_member SCD2 tamamlandi: 0 eklendi, 0 guncellendi, 13800 atlandi.
2026-04-28 14:10:19,001 [INFO] [OK] dim_member: 13800 satir, 0.47 sn
2026-04-28 14:10:19,001 [INFO] fact_payments yukleniyor...
2026-04-28 14:10:53,998 [INFO] fact_payments: 368229 kayit yuklendi.
2026-04-28 14:10:54,178 [INFO] [OK] fact_payments: 368229 satir, 35.18 sn
2026-04-28 14:10:54,179 [INFO] fact_lottery yukleniyor...
2026-04-28 14:10:56,780 [INFO] fact_lottery: 14973 kayit yuklendi.
2026-04-28 14:10:56,801 [INFO] [OK] fact_lottery: 14973 satir, 2.62 sn
2026-04-28 14:10:56,802 [INFO] ==================================================
2026-04-28 14:10:56,802 [INFO] SATIR KAYBI RAPORU
2026-04-28 14:10:56,914 [INFO] staging.members  → toplam     : 15450
2026-04-28 14:10:56,915 [INFO]   - NULL tc_hash filtresi      : 1235
2026-04-28 14:10:56,915 [INFO]   - Duplike (tc_hash bazlı)    : 415
2026-04-28 14:10:56,915 [INFO]   = Beklenen dim_member        : 13800
2026-04-28 14:10:56,916 [INFO]   dim_member (is_current)      : 14997
2026-04-28 14:10:56,916 [INFO]   Fark (SCD2 birikimi dahil)   : 1197
2026-04-28 14:10:57,042 [INFO] staging.payments → toplam     : 368297
2026-04-28 14:10:57,043 [INFO]   - FK mismatch (member yok)   : 68
2026-04-28 14:10:57,043 [INFO]   fact_payments               : 368229
2026-04-28 14:10:57,043 [INFO]   Açıklanamayan kayıp          : 0
2026-04-28 14:10:57,044 [INFO] ==================================================
2026-04-28 14:10:57,044 [INFO] Pipeline tamamlandi. Toplam sure: 39.29 sn
2026-04-28 14:10:57,045 [INFO] ==================================================
2026-04-29 09:40:21,819 [INFO] Scheduler basladi. Her gun 02:00 (Europe/Istanbul) calisacak.
2026-04-29 10:06:06,647 [INFO] dim_member SCD2 yukleniyor...
2026-04-29 10:06:06,798 [INFO] Staging'den 13801 kayit alindi.
2026-04-29 10:06:06,832 [INFO] dim_member'dan 14997 aktif kayit alindi.
2026-04-29 10:06:06,844 [INFO] dim_member SCD2 tamamlandi: 1 eklendi, 0 guncellendi, 13800 atlandi.
2026-04-29 11:12:10,571 [INFO] dim_member SCD2 yukleniyor...
2026-04-29 11:12:11,586 [INFO] Staging'den 13802 kayit alindi.
2026-04-29 11:12:11,746 [INFO] dim_member'dan 14998 aktif kayit alindi.
2026-04-29 11:12:11,778 [INFO] dim_member SCD2 tamamlandi: 1 eklendi, 0 guncellendi, 13801 atlandi.
2026-04-29 11:12:11,804 [INFO] dim_member SCD2 yukleniyor...
2026-04-29 11:12:12,227 [INFO] Staging'den 13802 kayit alindi.
2026-04-29 11:12:12,285 [INFO] dim_member'dan 14999 aktif kayit alindi.
2026-04-29 11:12:12,317 [INFO] dim_member SCD2 tamamlandi: 0 eklendi, 1 guncellendi, 13801 atlandi.
2026-04-29 11:13:36,048 [INFO] dim_member SCD2 yukleniyor...
2026-04-29 11:13:36,236 [INFO] Staging'den 13802 kayit alindi.
2026-04-29 11:13:36,274 [INFO] dim_member'dan 14999 aktif kayit alindi.
2026-04-29 11:13:36,282 [INFO] dim_member SCD2 tamamlandi: 0 eklendi, 0 guncellendi, 13802 atlandi.
2026-04-29 11:13:36,307 [INFO] dim_member SCD2 yukleniyor...
2026-04-29 11:13:36,496 [INFO] Staging'den 13802 kayit alindi.
2026-04-29 11:13:36,525 [INFO] dim_member'dan 14999 aktif kayit alindi.
2026-04-29 11:13:36,535 [INFO] dim_member SCD2 tamamlandi: 0 eklendi, 0 guncellendi, 13802 atlandi.
2026-04-29 11:29:35,632 [INFO] dim_member SCD2 yukleniyor...
2026-04-29 11:29:36,189 [INFO] Staging'den 13803 kayit alindi.
2026-04-29 11:29:36,255 [INFO] dim_member'dan 14999 aktif kayit alindi.
2026-04-29 11:29:36,275 [INFO] dim_member SCD2 tamamlandi: 1 eklendi, 0 guncellendi, 13802 atlandi.
2026-04-29 11:29:36,301 [INFO] dim_member SCD2 yukleniyor...
2026-04-29 11:29:36,802 [INFO] Staging'den 13803 kayit alindi.
2026-04-29 11:29:36,882 [INFO] dim_member'dan 15000 aktif kayit alindi.
2026-04-29 11:29:36,927 [INFO] dim_member SCD2 tamamlandi: 0 eklendi, 1 guncellendi, 13802 atlandi.
2026-04-29 11:37:26,266 [INFO] dim_member SCD2 yukleniyor...
2026-04-29 11:37:26,439 [INFO] Staging'den 13803 kayit alindi.
2026-04-29 11:37:26,475 [INFO] dim_member'dan 15000 aktif kayit alindi.
2026-04-29 11:37:26,486 [INFO] dim_member SCD2 tamamlandi: 0 eklendi, 0 guncellendi, 13803 atlandi.
2026-04-29 11:37:26,498 [INFO] dim_member SCD2 yukleniyor...
2026-04-29 11:37:26,694 [INFO] Staging'den 13803 kayit alindi.
2026-04-29 11:37:26,727 [INFO] dim_member'dan 15000 aktif kayit alindi.
2026-04-29 11:37:26,735 [INFO] dim_member SCD2 tamamlandi: 0 eklendi, 0 guncellendi, 13803 atlandi.
2026-04-29 11:39:14,344 [INFO] dim_member SCD2 yukleniyor...
2026-04-29 11:39:14,808 [INFO] Staging'den 13803 kayit alindi.
2026-04-29 11:39:15,028 [INFO] dim_member'dan 15000 aktif kayit alindi.
2026-04-29 11:39:15,072 [INFO] dim_member SCD2 tamamlandi: 0 eklendi, 0 guncellendi, 13803 atlandi.
2026-04-29 11:39:15,140 [INFO] dim_member SCD2 yukleniyor...
2026-04-29 11:39:15,630 [INFO] Staging'den 13803 kayit alindi.
2026-04-29 11:39:15,697 [INFO] dim_member'dan 15000 aktif kayit alindi.
2026-04-29 11:39:15,714 [INFO] dim_member SCD2 tamamlandi: 0 eklendi, 0 guncellendi, 13803 atlandi.
2026-04-29 11:41:59,284 [INFO] dim_member SCD2 yukleniyor...
2026-04-29 11:41:59,392 [INFO] Staging'den 13804 kayit alindi.
2026-04-29 11:41:59,416 [INFO] dim_member'dan 15000 aktif kayit alindi.
2026-04-29 11:41:59,428 [INFO] dim_member SCD2 tamamlandi: 1 eklendi, 0 guncellendi, 13803 atlandi.
2026-04-29 11:41:59,437 [INFO] dim_member SCD2 yukleniyor...
2026-04-29 11:41:59,538 [INFO] Staging'den 13804 kayit alindi.
2026-04-29 11:41:59,552 [INFO] dim_member'dan 15001 aktif kayit alindi.
2026-04-29 11:41:59,558 [INFO] dim_member SCD2 tamamlandi: 0 eklendi, 0 guncellendi, 13804 atlandi.
2026-04-29 12:03:41,843 [INFO] dim_member SCD2 yukleniyor...
2026-04-29 12:03:42,197 [INFO] Staging'den 13804 kayit alindi.
2026-04-29 12:03:42,265 [INFO] dim_member'dan 15001 aktif kayit alindi.
2026-04-29 12:03:42,280 [INFO] dim_member SCD2 tamamlandi: 0 eklendi, 0 guncellendi, 13804 atlandi.
2026-04-29 12:03:42,409 [INFO] dim_member SCD2 yukleniyor...
2026-04-29 12:03:43,012 [INFO] Staging'den 13804 kayit alindi.
2026-04-29 12:03:43,223 [INFO] dim_member'dan 15001 aktif kayit alindi.
2026-04-29 12:03:43,259 [INFO] dim_member SCD2 tamamlandi: 0 eklendi, 0 guncellendi, 13804 atlandi.
2026-04-29 12:03:43,370 [INFO] dim_member SCD2 yukleniyor...
2026-04-29 12:03:44,199 [INFO] Staging'den 13804 kayit alindi.
2026-04-29 12:03:44,285 [INFO] dim_member'dan 15001 aktif kayit alindi.
2026-04-29 12:03:44,317 [INFO] dim_member SCD2 tamamlandi: 0 eklendi, 0 guncellendi, 13804 atlandi.
2026-04-29 12:03:44,510 [INFO] dim_member SCD2 yukleniyor...
2026-04-29 12:03:44,864 [INFO] Staging'den 13804 kayit alindi.
2026-04-29 12:03:44,909 [INFO] dim_member'dan 15001 aktif kayit alindi.
2026-04-29 12:03:44,919 [INFO] dim_member SCD2 tamamlandi: 0 eklendi, 0 guncellendi, 13804 atlandi.
2026-04-29 12:03:44,941 [INFO] dim_member SCD2 yukleniyor...
2026-04-29 12:03:45,161 [INFO] Staging'den 13804 kayit alindi.
2026-04-29 12:03:45,199 [INFO] dim_member'dan 15001 aktif kayit alindi.
2026-04-29 12:03:45,210 [INFO] dim_member SCD2 tamamlandi: 0 eklendi, 0 guncellendi, 13804 atlandi.
2026-04-29 12:03:45,290 [INFO] dim_member SCD2 yukleniyor...
2026-04-29 12:03:45,642 [INFO] Staging'den 13804 kayit alindi.
2026-04-29 12:03:45,708 [INFO] dim_member'dan 15001 aktif kayit alindi.
2026-04-29 12:03:45,729 [INFO] dim_member SCD2 tamamlandi: 0 eklendi, 0 guncellendi, 13804 atlandi.
2026-04-29 12:03:45,746 [INFO] dim_member SCD2 yukleniyor...
2026-04-29 12:03:46,028 [INFO] Staging'den 13804 kayit alindi.
2026-04-29 12:03:46,075 [INFO] dim_member'dan 15001 aktif kayit alindi.
2026-04-29 12:03:46,090 [INFO] dim_member SCD2 tamamlandi: 0 eklendi, 0 guncellendi, 13804 atlandi.
2026-04-29 12:04:08,938 [INFO] dim_member SCD2 yukleniyor...
2026-04-29 12:04:09,183 [INFO] Staging'den 13804 kayit alindi.
2026-04-29 12:04:09,229 [INFO] dim_member'dan 15001 aktif kayit alindi.
2026-04-29 12:04:09,238 [INFO] dim_member SCD2 tamamlandi: 0 eklendi, 0 guncellendi, 13804 atlandi.
2026-04-29 12:04:09,320 [INFO] dim_member SCD2 yukleniyor...
2026-04-29 12:04:09,572 [INFO] Staging'den 13804 kayit alindi.
2026-04-29 12:04:09,613 [INFO] dim_member'dan 15001 aktif kayit alindi.
2026-04-29 12:04:09,623 [INFO] dim_member SCD2 tamamlandi: 0 eklendi, 0 guncellendi, 13804 atlandi.
2026-04-29 12:04:09,640 [INFO] dim_member SCD2 yukleniyor...
2026-04-29 12:04:09,869 [INFO] Staging'den 13804 kayit alindi.
2026-04-29 12:04:09,910 [INFO] dim_member'dan 15001 aktif kayit alindi.
2026-04-29 12:04:09,920 [INFO] dim_member SCD2 tamamlandi: 0 eklendi, 0 guncellendi, 13804 atlandi.
2026-04-29 12:04:10,002 [INFO] dim_member SCD2 yukleniyor...
2026-04-29 12:04:10,229 [INFO] Staging'den 13804 kayit alindi.
2026-04-29 12:04:10,263 [INFO] dim_member'dan 15001 aktif kayit alindi.
2026-04-29 12:04:10,271 [INFO] dim_member SCD2 tamamlandi: 0 eklendi, 0 guncellendi, 13804 atlandi.
2026-04-29 12:04:10,287 [INFO] dim_member SCD2 yukleniyor...
2026-04-29 12:04:10,478 [INFO] Staging'den 13804 kayit alindi.
2026-04-29 12:04:10,530 [INFO] dim_member'dan 15001 aktif kayit alindi.
2026-04-29 12:04:10,542 [INFO] dim_member SCD2 tamamlandi: 0 eklendi, 0 guncellendi, 13804 atlandi.
2026-04-29 12:04:10,629 [INFO] dim_member SCD2 yukleniyor...
2026-04-29 12:04:11,015 [INFO] Staging'den 13804 kayit alindi.
2026-04-29 12:04:11,069 [INFO] dim_member'dan 15001 aktif kayit alindi.
2026-04-29 12:04:11,081 [INFO] dim_member SCD2 tamamlandi: 0 eklendi, 0 guncellendi, 13804 atlandi.
2026-04-29 12:04:11,096 [INFO] dim_member SCD2 yukleniyor...
2026-04-29 12:04:11,379 [INFO] Staging'den 13804 kayit alindi.
2026-04-29 12:04:11,435 [INFO] dim_member'dan 15001 aktif kayit alindi.
2026-04-29 12:04:11,449 [INFO] dim_member SCD2 tamamlandi: 0 eklendi, 0 guncellendi, 13804 atlandi.
2026-04-29 12:04:11,558 [INFO] ==================================================
2026-04-29 12:04:11,559 [INFO] ETL Pipeline basliyor...
2026-04-29 12:04:11,674 [INFO] Fact ve dim tablolar temizlendi (dim_member korundu — SCD2).
2026-04-29 12:04:11,674 [INFO] dim_date yukleniyor...
2026-04-29 12:04:12,058 [INFO] dim_date araligi: 2021-12-01 → 2028-06-21
2026-04-29 12:04:12,393 [INFO] dim_date: 2395 gun yuklendi.
2026-04-29 12:04:12,394 [INFO] [OK] dim_date: 2395 satir, 0.72 sn
2026-04-29 12:04:12,394 [INFO] dim_plan yukleniyor...
2026-04-29 12:04:12,421 [INFO] dim_plan: 5 plan yuklendi.
2026-04-29 12:04:12,422 [INFO] [OK] dim_plan: 5 satir, 0.03 sn
2026-04-29 12:04:12,423 [INFO] dim_member SCD2 yukleniyor...
2026-04-29 12:04:13,560 [INFO] Staging'den 13804 kayit alindi.
2026-04-29 12:04:13,690 [INFO] dim_member'dan 15001 aktif kayit alindi.
2026-04-29 12:04:13,723 [INFO] dim_member SCD2 tamamlandi: 0 eklendi, 0 guncellendi, 13804 atlandi.
2026-04-29 12:04:13,737 [INFO] [OK] dim_member: 13804 satir, 1.31 sn
2026-04-29 12:04:13,738 [INFO] fact_payments yukleniyor...
2026-04-29 12:05:08,278 [INFO] fact_payments: 368229 kayit yuklendi.
2026-04-29 12:05:08,444 [INFO] [OK] fact_payments: 368229 satir, 54.71 sn
2026-04-29 12:05:08,445 [INFO] fact_lottery yukleniyor...
2026-04-29 12:05:11,643 [INFO] fact_lottery: 14973 kayit yuklendi.
2026-04-29 12:05:11,671 [INFO] [OK] fact_lottery: 14973 satir, 3.23 sn
2026-04-29 12:05:11,671 [INFO] ==================================================
2026-04-29 12:05:11,672 [INFO] SATIR KAYBI RAPORU
2026-04-29 12:05:11,891 [INFO] staging.members  → toplam     : 15004
2026-04-29 12:05:11,892 [INFO]   - NULL tc_hash filtresi      : 1200
2026-04-29 12:05:11,892 [INFO]   - Duplike (tc_hash bazlı)    : 0
2026-04-29 12:05:11,892 [INFO]   = Beklenen dim_member        : 13804
2026-04-29 12:05:11,893 [INFO]   dim_member (is_current)      : 15001
2026-04-29 12:05:11,893 [INFO]   Fark (SCD2 birikimi dahil)   : 1197
2026-04-29 12:05:12,294 [INFO] staging.payments → toplam     : 368297
2026-04-29 12:05:12,294 [INFO]   - FK mismatch (member yok)   : 68
2026-04-29 12:05:12,295 [INFO]   fact_payments               : 368229
2026-04-29 12:05:12,295 [INFO]   Açıklanamayan kayıp          : 0
2026-04-29 12:05:12,295 [INFO] ==================================================
2026-04-29 12:05:12,297 [INFO] Pipeline tamamlandi. Toplam sure: 60.74 sn
2026-04-29 12:05:12,297 [INFO] ==================================================
2026-04-29 12:07:30,620 [INFO] ==================================================
2026-04-29 12:07:30,622 [INFO] ETL Pipeline basliyor...
2026-04-29 12:07:30,727 [INFO] Fact ve dim tablolar temizlendi (dim_member korundu — SCD2).
2026-04-29 12:07:30,728 [INFO] dim_date yukleniyor...
2026-04-29 12:07:30,849 [INFO] dim_date araligi: 2021-12-01 → 2028-06-21
2026-04-29 12:07:31,170 [INFO] dim_date: 2395 gun yuklendi.
2026-04-29 12:07:31,172 [INFO] [OK] dim_date: 2395 satir, 0.44 sn
2026-04-29 12:07:31,172 [INFO] dim_plan yukleniyor...
2026-04-29 12:07:31,206 [INFO] dim_plan: 5 plan yuklendi.
2026-04-29 12:07:31,206 [INFO] [OK] dim_plan: 5 satir, 0.03 sn
2026-04-29 12:07:31,208 [INFO] dim_member SCD2 yukleniyor...
2026-04-29 12:07:31,607 [INFO] Staging'den 13804 kayit alindi.
2026-04-29 12:07:31,702 [INFO] dim_member'dan 15001 aktif kayit alindi.
2026-04-29 12:07:31,721 [INFO] dim_member SCD2 tamamlandi: 0 eklendi, 0 guncellendi, 13804 atlandi.
2026-04-29 12:07:31,737 [INFO] [OK] dim_member: 13804 satir, 0.53 sn
2026-04-29 12:07:31,738 [INFO] fact_payments yukleniyor...
2026-04-29 12:08:13,655 [INFO] fact_payments: 368229 kayit yuklendi.
2026-04-29 12:08:13,886 [INFO] [OK] fact_payments: 368229 satir, 42.15 sn
2026-04-29 12:08:13,886 [INFO] fact_lottery yukleniyor...
2026-04-29 12:08:16,465 [INFO] fact_lottery: 14973 kayit yuklendi.
2026-04-29 12:08:16,482 [INFO] [OK] fact_lottery: 14973 satir, 2.6 sn
2026-04-29 12:08:16,482 [INFO] ==================================================
2026-04-29 12:08:16,482 [INFO] SATIR KAYBI RAPORU
2026-04-29 12:08:16,567 [INFO] staging.members  → toplam     : 15004
2026-04-29 12:08:16,567 [INFO]   - NULL tc_hash filtresi      : 1200
2026-04-29 12:08:16,567 [INFO]   - Duplike (tc_hash bazlı)    : 0
2026-04-29 12:08:16,567 [INFO]   = Beklenen dim_member        : 13804
2026-04-29 12:08:16,567 [INFO]   dim_member (is_current)      : 15001
2026-04-29 12:08:16,567 [INFO]   Fark (SCD2 birikimi dahil)   : 1197
2026-04-29 12:08:16,679 [INFO] staging.payments → toplam     : 368297
2026-04-29 12:08:16,679 [INFO]   - FK mismatch (member yok)   : 68
2026-04-29 12:08:16,680 [INFO]   fact_payments               : 368229
2026-04-29 12:08:16,680 [INFO]   Açıklanamayan kayıp          : 0
2026-04-29 12:08:16,680 [INFO] ==================================================
2026-04-29 12:08:16,680 [INFO] Pipeline tamamlandi. Toplam sure: 46.06 sn
2026-04-29 12:08:16,681 [INFO] ==================================================
2026-04-29 12:11:26,424 [INFO] ==================================================
2026-04-29 12:11:26,425 [INFO] ETL Pipeline basliyor...
2026-04-29 12:11:26,461 [INFO] Fact ve dim tablolar temizlendi (dim_member korundu — SCD2).
2026-04-29 12:11:26,461 [INFO] dim_date yukleniyor...
2026-04-29 12:11:26,501 [INFO] dim_date araligi: 2021-12-01 → 2028-06-21
2026-04-29 12:11:26,588 [INFO] dim_date: 2395 gun yuklendi.
2026-04-29 12:11:26,588 [INFO] [OK] dim_date: 2395 satir, 0.13 sn
2026-04-29 12:11:26,588 [INFO] dim_plan yukleniyor...
2026-04-29 12:11:26,595 [INFO] dim_plan: 5 plan yuklendi.
2026-04-29 12:11:26,596 [INFO] [OK] dim_plan: 5 satir, 0.01 sn
2026-04-29 12:11:26,596 [INFO] dim_member SCD2 yukleniyor...
2026-04-29 12:11:26,697 [INFO] Staging'den 13804 kayit alindi.
2026-04-29 12:11:26,717 [INFO] dim_member'dan 15001 aktif kayit alindi.
2026-04-29 12:11:26,722 [INFO] dim_member SCD2 tamamlandi: 0 eklendi, 0 guncellendi, 13804 atlandi.
2026-04-29 12:11:26,726 [INFO] [OK] dim_member: 13804 satir, 0.13 sn
2026-04-29 12:11:26,726 [INFO] fact_payments yukleniyor...
2026-04-29 12:12:02,637 [INFO] fact_payments: 368229 kayit yuklendi.
2026-04-29 12:12:02,801 [INFO] [OK] fact_payments: 368229 satir, 36.08 sn
2026-04-29 12:12:02,802 [INFO] fact_lottery yukleniyor...
2026-04-29 12:12:05,840 [INFO] fact_lottery: 14973 kayit yuklendi.
2026-04-29 12:12:05,861 [INFO] [OK] fact_lottery: 14973 satir, 3.06 sn
2026-04-29 12:12:05,862 [INFO] ==================================================
2026-04-29 12:12:05,862 [INFO] SATIR KAYBI RAPORU
2026-04-29 12:12:05,980 [INFO] staging.members  → toplam     : 15004
2026-04-29 12:12:05,980 [INFO]   - NULL tc_hash filtresi      : 1200
2026-04-29 12:12:05,980 [INFO]   - Duplike (tc_hash bazlı)    : 0
2026-04-29 12:12:05,980 [INFO]   = Beklenen dim_member        : 13804
2026-04-29 12:12:05,981 [INFO]   dim_member (is_current)      : 15001
2026-04-29 12:12:05,981 [INFO]   Fark (SCD2 birikimi dahil)   : 1197
2026-04-29 12:12:06,133 [INFO] staging.payments → toplam     : 368297
2026-04-29 12:12:06,133 [INFO]   - FK mismatch (member yok)   : 68
2026-04-29 12:12:06,133 [INFO]   fact_payments               : 368229
2026-04-29 12:12:06,134 [INFO]   Açıklanamayan kayıp          : 0
2026-04-29 12:12:06,134 [INFO] ==================================================
2026-04-29 12:12:06,134 [INFO] Pipeline tamamlandi. Toplam sure: 39.71 sn
2026-04-29 12:12:06,135 [INFO] ==================================================
2026-04-29 12:18:45,235 [INFO] ==================================================
2026-04-29 12:18:45,236 [INFO] ETL Pipeline basliyor...
2026-04-29 12:18:45,312 [INFO] Fact ve dim tablolar temizlendi (dim_member korundu — SCD2).
2026-04-29 12:18:45,313 [INFO] dim_date yukleniyor...
2026-04-29 12:18:45,400 [INFO] dim_date araligi: 2021-12-01 → 2028-06-21
2026-04-29 12:18:45,641 [INFO] dim_date: 2395 gun yuklendi.
2026-04-29 12:18:45,656 [INFO] [OK] dim_date: 2395 satir, 0.33 sn
2026-04-29 12:18:45,657 [INFO] dim_plan yukleniyor...
2026-04-29 12:18:45,673 [INFO] dim_plan: 5 plan yuklendi.
2026-04-29 12:18:45,681 [INFO] [OK] dim_plan: 5 satir, 0.02 sn
2026-04-29 12:18:45,682 [INFO] dim_member SCD2 yukleniyor...
2026-04-29 12:18:46,021 [INFO] Staging'den 13804 kayit alindi.
2026-04-29 12:18:46,069 [INFO] dim_member'dan 15001 aktif kayit alindi.
2026-04-29 12:18:46,081 [INFO] dim_member SCD2 tamamlandi: 0 eklendi, 0 guncellendi, 13804 atlandi.
2026-04-29 12:18:46,107 [INFO] [OK] dim_member: 13804 satir, 0.41 sn
2026-04-29 12:18:46,107 [INFO] fact_payments yukleniyor...
2026-04-29 12:19:19,402 [INFO] fact_payments: 368229 kayit yuklendi.
2026-04-29 12:19:19,562 [INFO] [OK] fact_payments: 368229 satir, 33.45 sn
2026-04-29 12:19:19,562 [INFO] fact_lottery yukleniyor...
2026-04-29 12:19:21,679 [INFO] fact_lottery: 14973 kayit yuklendi.
2026-04-29 12:19:21,702 [INFO] [OK] fact_lottery: 14973 satir, 2.13 sn
2026-04-29 12:19:21,702 [INFO] ==================================================
2026-04-29 12:19:21,702 [INFO] SATIR KAYBI RAPORU
2026-04-29 12:19:21,789 [INFO] staging.members  → toplam     : 15004
2026-04-29 12:19:21,789 [INFO]   - NULL tc_hash filtresi      : 1200
2026-04-29 12:19:21,789 [INFO]   - Duplike (tc_hash bazlı)    : 0
2026-04-29 12:19:21,789 [INFO]   = Beklenen dim_member        : 13804
2026-04-29 12:19:21,789 [INFO]   dim_member (is_current)      : 15001
2026-04-29 12:19:21,790 [INFO]   Fark (SCD2 birikimi dahil)   : 1197
2026-04-29 12:19:21,892 [INFO] staging.payments → toplam     : 368297
2026-04-29 12:19:21,893 [INFO]   - FK mismatch (member yok)   : 68
2026-04-29 12:19:21,893 [INFO]   fact_payments               : 368229
2026-04-29 12:19:21,893 [INFO]   Açıklanamayan kayıp          : 0
2026-04-29 12:19:21,893 [INFO] ==================================================
2026-04-29 12:19:21,894 [INFO] Pipeline tamamlandi. Toplam sure: 36.66 sn
2026-04-29 12:19:21,894 [INFO] ==================================================
2026-04-29 12:20:33,373 [INFO] dim_member SCD2 yukleniyor...
2026-04-29 12:20:33,731 [INFO] Staging'den 13804 kayit alindi.
2026-04-29 12:20:33,780 [INFO] dim_member'dan 15001 aktif kayit alindi.
2026-04-29 12:20:33,794 [INFO] dim_member SCD2 tamamlandi: 0 eklendi, 0 guncellendi, 13804 atlandi.
2026-04-29 12:20:33,890 [INFO] dim_member SCD2 yukleniyor...
2026-04-29 12:20:34,449 [INFO] Staging'den 13804 kayit alindi.
2026-04-29 12:20:34,514 [INFO] dim_member'dan 15001 aktif kayit alindi.
2026-04-29 12:20:34,529 [INFO] dim_member SCD2 tamamlandi: 0 eklendi, 0 guncellendi, 13804 atlandi.
2026-04-29 12:20:34,561 [INFO] dim_member SCD2 yukleniyor...
2026-04-29 12:20:34,928 [INFO] Staging'den 13804 kayit alindi.
2026-04-29 12:20:34,969 [INFO] dim_member'dan 15001 aktif kayit alindi.
2026-04-29 12:20:34,985 [INFO] dim_member SCD2 tamamlandi: 0 eklendi, 0 guncellendi, 13804 atlandi.
2026-04-29 12:20:35,091 [INFO] dim_member SCD2 yukleniyor...
2026-04-29 12:20:35,361 [INFO] Staging'den 13804 kayit alindi.
2026-04-29 12:20:35,403 [INFO] dim_member'dan 15001 aktif kayit alindi.
2026-04-29 12:20:35,412 [INFO] dim_member SCD2 tamamlandi: 0 eklendi, 0 guncellendi, 13804 atlandi.
2026-04-29 12:20:35,429 [INFO] dim_member SCD2 yukleniyor...
2026-04-29 12:20:35,658 [INFO] Staging'den 13804 kayit alindi.
2026-04-29 12:20:35,696 [INFO] dim_member'dan 15001 aktif kayit alindi.
2026-04-29 12:20:35,706 [INFO] dim_member SCD2 tamamlandi: 0 eklendi, 0 guncellendi, 13804 atlandi.
2026-04-29 12:20:35,794 [INFO] dim_member SCD2 yukleniyor...
2026-04-29 12:20:36,094 [INFO] Staging'den 13804 kayit alindi.
2026-04-29 12:20:36,139 [INFO] dim_member'dan 15001 aktif kayit alindi.
2026-04-29 12:20:36,149 [INFO] dim_member SCD2 tamamlandi: 0 eklendi, 0 guncellendi, 13804 atlandi.
2026-04-29 12:20:36,164 [INFO] dim_member SCD2 yukleniyor...
2026-04-29 12:20:36,356 [INFO] Staging'den 13804 kayit alindi.
2026-04-29 12:20:36,393 [INFO] dim_member'dan 15001 aktif kayit alindi.
2026-04-29 12:20:36,402 [INFO] dim_member SCD2 tamamlandi: 0 eklendi, 0 guncellendi, 13804 atlandi.
2026-04-29 12:20:36,476 [INFO] ==================================================
2026-04-29 12:20:36,477 [INFO] ETL Pipeline basliyor...
2026-04-29 12:20:36,581 [INFO] Fact ve dim tablolar temizlendi (dim_member korundu — SCD2).
2026-04-29 12:20:36,581 [INFO] dim_date yukleniyor...
2026-04-29 12:20:36,700 [INFO] dim_date araligi: 2021-12-01 → 2028-06-21
2026-04-29 12:20:36,923 [INFO] dim_date: 2395 gun yuklendi.
2026-04-29 12:20:36,932 [INFO] [OK] dim_date: 2395 satir, 0.34 sn
2026-04-29 12:20:36,932 [INFO] dim_plan yukleniyor...
2026-04-29 12:20:36,947 [INFO] dim_plan: 5 plan yuklendi.
2026-04-29 12:20:36,955 [INFO] [OK] dim_plan: 5 satir, 0.02 sn
2026-04-29 12:20:36,956 [INFO] dim_member SCD2 yukleniyor...
2026-04-29 12:20:37,120 [INFO] Staging'den 13804 kayit alindi.
2026-04-29 12:20:37,157 [INFO] dim_member'dan 15001 aktif kayit alindi.
2026-04-29 12:20:37,166 [INFO] dim_member SCD2 tamamlandi: 0 eklendi, 0 guncellendi, 13804 atlandi.
2026-04-29 12:20:37,185 [INFO] [OK] dim_member: 13804 satir, 0.22 sn
2026-04-29 12:20:37,185 [INFO] fact_payments yukleniyor...
2026-04-29 12:21:12,109 [INFO] fact_payments: 368229 kayit yuklendi.
2026-04-29 12:21:12,279 [INFO] [OK] fact_payments: 368229 satir, 35.09 sn
2026-04-29 12:21:12,279 [INFO] fact_lottery yukleniyor...
2026-04-29 12:21:14,946 [INFO] fact_lottery: 14973 kayit yuklendi.
2026-04-29 12:21:14,972 [INFO] [OK] fact_lottery: 14973 satir, 2.69 sn
2026-04-29 12:21:14,972 [INFO] ==================================================
2026-04-29 12:21:14,973 [INFO] SATIR KAYBI RAPORU
2026-04-29 12:21:15,079 [INFO] staging.members  → toplam     : 15004
2026-04-29 12:21:15,079 [INFO]   - NULL tc_hash filtresi      : 1200
2026-04-29 12:21:15,079 [INFO]   - Duplike (tc_hash bazlı)    : 0
2026-04-29 12:21:15,080 [INFO]   = Beklenen dim_member        : 13804
2026-04-29 12:21:15,080 [INFO]   dim_member (is_current)      : 15001
2026-04-29 12:21:15,080 [INFO]   Fark (SCD2 birikimi dahil)   : 1197
2026-04-29 12:21:15,190 [INFO] staging.payments → toplam     : 368297
2026-04-29 12:21:15,190 [INFO]   - FK mismatch (member yok)   : 68
2026-04-29 12:21:15,191 [INFO]   fact_payments               : 368229
2026-04-29 12:21:15,191 [INFO]   Açıklanamayan kayıp          : 0
2026-04-29 12:21:15,191 [INFO] ==================================================
2026-04-29 12:21:15,192 [INFO] Pipeline tamamlandi. Toplam sure: 38.71 sn
2026-04-29 12:21:15,192 [INFO] ==================================================
2026-04-29 14:11:20,536 [INFO] dim_member SCD2 yukleniyor...
2026-04-29 14:11:20,662 [INFO] Staging'den 13804 kayit alindi.
2026-04-29 14:11:20,702 [INFO] dim_member'dan 15001 aktif kayit alindi.
2026-04-29 14:11:20,707 [INFO] dim_member SCD2 tamamlandi: 0 eklendi, 0 guncellendi, 13804 atlandi.
2026-04-29 14:11:20,742 [INFO] dim_member SCD2 yukleniyor...
2026-04-29 14:11:20,850 [INFO] Staging'den 13804 kayit alindi.
2026-04-29 14:11:20,865 [INFO] dim_member'dan 15001 aktif kayit alindi.
2026-04-29 14:11:20,869 [INFO] dim_member SCD2 tamamlandi: 0 eklendi, 0 guncellendi, 13804 atlandi.
2026-04-29 14:11:20,879 [INFO] dim_member SCD2 yukleniyor...
2026-04-29 14:11:20,977 [INFO] Staging'den 13804 kayit alindi.
2026-04-29 14:11:20,997 [INFO] dim_member'dan 15001 aktif kayit alindi.
2026-04-29 14:11:21,001 [INFO] dim_member SCD2 tamamlandi: 0 eklendi, 0 guncellendi, 13804 atlandi.
2026-04-29 14:11:21,051 [INFO] dim_member SCD2 yukleniyor...
2026-04-29 14:11:21,157 [INFO] Staging'den 13804 kayit alindi.
2026-04-29 14:11:21,175 [INFO] dim_member'dan 15001 aktif kayit alindi.
2026-04-29 14:11:21,181 [INFO] dim_member SCD2 tamamlandi: 0 eklendi, 0 guncellendi, 13804 atlandi.
2026-04-29 14:11:21,191 [INFO] dim_member SCD2 yukleniyor...
2026-04-29 14:11:21,288 [INFO] Staging'den 13804 kayit alindi.
2026-04-29 14:11:21,302 [INFO] dim_member'dan 15001 aktif kayit alindi.
2026-04-29 14:11:21,306 [INFO] dim_member SCD2 tamamlandi: 0 eklendi, 0 guncellendi, 13804 atlandi.
2026-04-29 14:11:21,336 [INFO] dim_member SCD2 yukleniyor...
2026-04-29 14:11:21,417 [INFO] Staging'den 13804 kayit alindi.
2026-04-29 14:11:21,434 [INFO] dim_member'dan 15001 aktif kayit alindi.
2026-04-29 14:11:21,438 [INFO] dim_member SCD2 tamamlandi: 0 eklendi, 0 guncellendi, 13804 atlandi.
2026-04-29 14:11:21,445 [INFO] dim_member SCD2 yukleniyor...
2026-04-29 14:11:21,553 [INFO] Staging'den 13804 kayit alindi.
2026-04-29 14:11:21,566 [INFO] dim_member'dan 15001 aktif kayit alindi.
2026-04-29 14:11:21,570 [INFO] dim_member SCD2 tamamlandi: 0 eklendi, 0 guncellendi, 13804 atlandi.
2026-04-29 14:11:21,603 [INFO] ==================================================
2026-04-29 14:11:21,603 [INFO] ETL Pipeline basliyor...
2026-04-29 14:11:21,645 [INFO] Fact ve dim tablolar temizlendi (dim_member korundu — SCD2).
2026-04-29 14:11:21,645 [INFO] dim_date yukleniyor...
2026-04-29 14:11:21,740 [INFO] dim_date araligi: 2021-12-01 → 2028-03-31
2026-04-29 14:11:21,786 [ERROR] [HATA] dim_date: column "day_name" of relation "dim_date" does not exist
LINE 4:          day_of_week, day_name, month_name, is_weekend, is_h...
                              ^

2026-04-29 14:11:21,787 [INFO] dim_plan yukleniyor...
2026-04-29 14:11:21,797 [INFO] dim_plan: 5 plan yuklendi.
2026-04-29 14:11:21,797 [INFO] [OK] dim_plan: 5 satir, 0.01 sn
2026-04-29 14:11:21,798 [INFO] dim_member SCD2 yukleniyor...
2026-04-29 14:11:21,913 [INFO] Staging'den 13804 kayit alindi.
2026-04-29 14:11:21,938 [INFO] dim_member'dan 15001 aktif kayit alindi.
2026-04-29 14:11:21,948 [INFO] dim_member SCD2 tamamlandi: 0 eklendi, 0 guncellendi, 13804 atlandi.
2026-04-29 14:11:21,956 [INFO] [OK] dim_member: 13804 satir, 0.16 sn
2026-04-29 14:11:21,957 [INFO] fact_payments yukleniyor...
2026-04-29 14:11:25,813 [ERROR] [HATA] fact_payments: insert or update on table "fact_payments" violates foreign key constraint "fact_payments_date_key_fkey"
DETAIL:  Key (date_key)=(20241006) is not present in table "dim_date".

2026-04-29 14:11:25,977 [INFO] fact_lottery yukleniyor...
2026-04-29 14:11:27,133 [ERROR] [HATA] fact_lottery: insert or update on table "fact_lottery" violates foreign key constraint "fact_lottery_date_key_fkey"
DETAIL:  Key (date_key)=(20260306) is not present in table "dim_date".

2026-04-29 14:11:27,153 [INFO] ==================================================
2026-04-29 14:11:27,153 [INFO] SATIR KAYBI RAPORU
2026-04-29 14:11:27,170 [WARNING] Satir kaybi raporu uretilirken hata: column "members.member_id" must appear in the GROUP BY clause or be used in an aggregate function
LINE 3:             SELECT member_id FROM staging.members
                           ^

2026-04-29 14:11:27,170 [INFO] Pipeline tamamlandi. Toplam sure: 5.57 sn
2026-04-29 14:11:27,171 [INFO] ==================================================
2026-04-29 14:15:44,974 [INFO] dim_member SCD2 yukleniyor...
2026-04-29 14:15:45,188 [INFO] Staging'den 13804 kayit alindi.
2026-04-29 14:15:45,219 [INFO] dim_member'dan 15001 aktif kayit alindi.
2026-04-29 14:15:45,225 [INFO] dim_member SCD2 tamamlandi: 0 eklendi, 0 guncellendi, 13804 atlandi.
2026-04-29 14:15:45,292 [INFO] dim_member SCD2 yukleniyor...
2026-04-29 14:15:45,459 [INFO] Staging'den 13804 kayit alindi.
2026-04-29 14:15:45,486 [INFO] dim_member'dan 15001 aktif kayit alindi.
2026-04-29 14:15:45,493 [INFO] dim_member SCD2 tamamlandi: 0 eklendi, 0 guncellendi, 13804 atlandi.
2026-04-29 14:15:45,504 [INFO] dim_member SCD2 yukleniyor...
2026-04-29 14:15:45,691 [INFO] Staging'den 13804 kayit alindi.
2026-04-29 14:15:45,726 [INFO] dim_member'dan 15001 aktif kayit alindi.
2026-04-29 14:15:45,739 [INFO] dim_member SCD2 tamamlandi: 0 eklendi, 0 guncellendi, 13804 atlandi.
2026-04-29 14:15:45,827 [INFO] dim_member SCD2 yukleniyor...
2026-04-29 14:15:46,210 [INFO] Staging'den 13804 kayit alindi.
2026-04-29 14:15:46,266 [INFO] dim_member'dan 15001 aktif kayit alindi.
2026-04-29 14:15:46,279 [INFO] dim_member SCD2 tamamlandi: 0 eklendi, 0 guncellendi, 13804 atlandi.
2026-04-29 14:15:46,304 [INFO] dim_member SCD2 yukleniyor...
2026-04-29 14:15:46,702 [INFO] Staging'den 13804 kayit alindi.
2026-04-29 14:15:46,759 [INFO] dim_member'dan 15001 aktif kayit alindi.
2026-04-29 14:15:46,776 [INFO] dim_member SCD2 tamamlandi: 0 eklendi, 0 guncellendi, 13804 atlandi.
2026-04-29 14:15:46,962 [INFO] dim_member SCD2 yukleniyor...
2026-04-29 14:15:47,512 [INFO] Staging'den 13804 kayit alindi.
2026-04-29 14:15:47,575 [INFO] dim_member'dan 15001 aktif kayit alindi.
2026-04-29 14:15:47,587 [INFO] dim_member SCD2 tamamlandi: 0 eklendi, 0 guncellendi, 13804 atlandi.
2026-04-29 14:15:47,605 [INFO] dim_member SCD2 yukleniyor...
2026-04-29 14:15:47,856 [INFO] Staging'den 13804 kayit alindi.
2026-04-29 14:15:47,899 [INFO] dim_member'dan 15001 aktif kayit alindi.
2026-04-29 14:15:47,912 [INFO] dim_member SCD2 tamamlandi: 0 eklendi, 0 guncellendi, 13804 atlandi.
2026-04-29 14:15:47,990 [INFO] ==================================================
2026-04-29 14:15:47,990 [INFO] ETL Pipeline basliyor...
2026-04-29 14:15:48,064 [INFO] Fact ve dim tablolar temizlendi (dim_member korundu — SCD2).
2026-04-29 14:15:48,065 [INFO] dim_date yukleniyor...
2026-04-29 14:15:48,167 [INFO] dim_date araligi: 2021-12-01 → 2028-03-31
2026-04-29 14:15:48,292 [ERROR] [HATA] dim_date: column "day_name" of relation "dim_date" does not exist
LINE 4:          day_of_week, day_name, month_name, is_weekend, is_h...
                              ^

2026-04-29 14:15:48,293 [INFO] dim_plan yukleniyor...
2026-04-29 14:15:48,318 [INFO] dim_plan: 5 plan yuklendi.
2026-04-29 14:15:48,318 [INFO] [OK] dim_plan: 5 satir, 0.02 sn
2026-04-29 14:15:48,318 [INFO] dim_member SCD2 yukleniyor...
2026-04-29 14:15:48,668 [INFO] Staging'den 13804 kayit alindi.
2026-04-29 14:15:48,717 [INFO] dim_member'dan 15001 aktif kayit alindi.
2026-04-29 14:15:48,728 [INFO] dim_member SCD2 tamamlandi: 0 eklendi, 0 guncellendi, 13804 atlandi.
2026-04-29 14:15:48,740 [INFO] [OK] dim_member: 13804 satir, 0.42 sn
2026-04-29 14:15:48,740 [INFO] fact_payments yukleniyor...
2026-04-29 14:15:52,941 [ERROR] [HATA] fact_payments: insert or update on table "fact_payments" violates foreign key constraint "fact_payments_date_key_fkey"
DETAIL:  Key (date_key)=(20241006) is not present in table "dim_date".

2026-04-29 14:15:53,127 [INFO] fact_lottery yukleniyor...
2026-04-29 14:15:54,259 [ERROR] [HATA] fact_lottery: insert or update on table "fact_lottery" violates foreign key constraint "fact_lottery_date_key_fkey"
DETAIL:  Key (date_key)=(20260306) is not present in table "dim_date".

2026-04-29 14:15:54,277 [INFO] ==================================================
2026-04-29 14:15:54,277 [INFO] SATIR KAYBI RAPORU
2026-04-29 14:15:54,304 [INFO] staging.members  → toplam     : 15004
2026-04-29 14:15:54,305 [INFO]   - NULL tc_hash filtresi      : 1200
2026-04-29 14:15:54,305 [INFO]   - Duplike (tc_hash bazlı)    : 0
2026-04-29 14:15:54,305 [INFO]   dim_member (is_current)      : 15001
2026-04-29 14:15:54,305 [INFO]   Açıklanamayan kayıp          : -1197
2026-04-29 14:15:54,391 [INFO] staging.payments → toplam     : 368297
2026-04-29 14:15:54,392 [INFO]   - FK mismatch (member yok)   : 68
2026-04-29 14:15:54,392 [INFO]   fact_payments               : 0
2026-04-29 14:15:54,392 [INFO]   Açıklanamayan kayıp          : 368229
2026-04-29 14:15:54,392 [INFO] ==================================================
2026-04-29 14:15:54,393 [INFO] Pipeline tamamlandi. Toplam sure: 6.4 sn
2026-04-29 14:15:54,393 [INFO] ==================================================
2026-04-29 14:18:32,692 [INFO] dim_member SCD2 yukleniyor...
2026-04-29 14:18:32,805 [INFO] Staging'den 13804 kayit alindi.
2026-04-29 14:18:32,824 [INFO] dim_member'dan 15001 aktif kayit alindi.
2026-04-29 14:18:32,829 [INFO] dim_member SCD2 tamamlandi: 0 eklendi, 0 guncellendi, 13804 atlandi.
2026-04-29 14:18:32,865 [INFO] dim_member SCD2 yukleniyor...
2026-04-29 14:18:32,973 [INFO] Staging'den 13804 kayit alindi.
2026-04-29 14:18:32,990 [INFO] dim_member'dan 15001 aktif kayit alindi.
2026-04-29 14:18:32,994 [INFO] dim_member SCD2 tamamlandi: 0 eklendi, 0 guncellendi, 13804 atlandi.
2026-04-29 14:18:33,002 [INFO] dim_member SCD2 yukleniyor...
2026-04-29 14:18:33,090 [INFO] Staging'den 13804 kayit alindi.
2026-04-29 14:18:33,105 [INFO] dim_member'dan 15001 aktif kayit alindi.
2026-04-29 14:18:33,110 [INFO] dim_member SCD2 tamamlandi: 0 eklendi, 0 guncellendi, 13804 atlandi.
2026-04-29 14:18:33,157 [INFO] dim_member SCD2 yukleniyor...
2026-04-29 14:18:33,250 [INFO] Staging'den 13804 kayit alindi.
2026-04-29 14:18:33,267 [INFO] dim_member'dan 15001 aktif kayit alindi.
2026-04-29 14:18:33,273 [INFO] dim_member SCD2 tamamlandi: 0 eklendi, 0 guncellendi, 13804 atlandi.
2026-04-29 14:18:33,282 [INFO] dim_member SCD2 yukleniyor...
2026-04-29 14:18:33,380 [INFO] Staging'den 13804 kayit alindi.
2026-04-29 14:18:33,396 [INFO] dim_member'dan 15001 aktif kayit alindi.
2026-04-29 14:18:33,402 [INFO] dim_member SCD2 tamamlandi: 0 eklendi, 0 guncellendi, 13804 atlandi.
2026-04-29 14:18:33,439 [INFO] dim_member SCD2 yukleniyor...
2026-04-29 14:18:33,534 [INFO] Staging'den 13804 kayit alindi.
2026-04-29 14:18:33,550 [INFO] dim_member'dan 15001 aktif kayit alindi.
2026-04-29 14:18:33,554 [INFO] dim_member SCD2 tamamlandi: 0 eklendi, 0 guncellendi, 13804 atlandi.
2026-04-29 14:18:33,560 [INFO] dim_member SCD2 yukleniyor...
2026-04-29 14:18:33,647 [INFO] Staging'den 13804 kayit alindi.
2026-04-29 14:18:33,664 [INFO] dim_member'dan 15001 aktif kayit alindi.
2026-04-29 14:18:33,668 [INFO] dim_member SCD2 tamamlandi: 0 eklendi, 0 guncellendi, 13804 atlandi.
2026-04-29 14:18:33,698 [INFO] ==================================================
2026-04-29 14:18:33,698 [INFO] ETL Pipeline basliyor...
2026-04-29 14:18:33,746 [INFO] Fact ve dim tablolar temizlendi (dim_member korundu — SCD2).
2026-04-29 14:18:33,746 [INFO] dim_date yukleniyor...
2026-04-29 14:18:33,773 [INFO] dim_date araligi: 2021-12-01 → 2028-03-31
2026-04-29 14:18:33,863 [INFO] dim_date: 2313 gun yuklendi.
2026-04-29 14:18:33,863 [INFO] [OK] dim_date: 2313 satir, 0.12 sn
2026-04-29 14:18:33,863 [INFO] dim_plan yukleniyor...
2026-04-29 14:18:33,872 [INFO] dim_plan: 5 plan yuklendi.
2026-04-29 14:18:33,872 [INFO] [OK] dim_plan: 5 satir, 0.01 sn
2026-04-29 14:18:33,872 [INFO] dim_member SCD2 yukleniyor...
2026-04-29 14:18:33,949 [INFO] Staging'den 13804 kayit alindi.
2026-04-29 14:18:33,964 [INFO] dim_member'dan 15001 aktif kayit alindi.
2026-04-29 14:18:33,969 [INFO] dim_member SCD2 tamamlandi: 0 eklendi, 0 guncellendi, 13804 atlandi.
2026-04-29 14:18:33,972 [INFO] [OK] dim_member: 13804 satir, 0.1 sn
2026-04-29 14:18:33,972 [INFO] fact_payments yukleniyor...
2026-04-29 14:18:52,612 [INFO] fact_payments: 368229 kayit yuklendi.
2026-04-29 14:18:52,743 [INFO] [OK] fact_payments: 368229 satir, 18.77 sn
2026-04-29 14:18:52,743 [INFO] fact_lottery yukleniyor...
2026-04-29 14:18:53,911 [INFO] fact_lottery: 14973 kayit yuklendi.
2026-04-29 14:18:53,921 [INFO] [OK] fact_lottery: 14973 satir, 1.18 sn
2026-04-29 14:18:53,921 [INFO] ==================================================
2026-04-29 14:18:53,922 [INFO] SATIR KAYBI RAPORU
2026-04-29 14:18:53,938 [INFO] staging.members  → toplam     : 15004
2026-04-29 14:18:53,938 [INFO]   - NULL tc_hash filtresi      : 1200
2026-04-29 14:18:53,938 [INFO]   - Duplike (tc_hash bazlı)    : 0
2026-04-29 14:18:53,938 [INFO]   dim_member (is_current)      : 15001
2026-04-29 14:18:53,938 [INFO]   Açıklanamayan kayıp          : -1197
2026-04-29 14:18:54,003 [INFO] staging.payments → toplam     : 368297
2026-04-29 14:18:54,003 [INFO]   - FK mismatch (member yok)   : 68
2026-04-29 14:18:54,003 [INFO]   fact_payments               : 368229
2026-04-29 14:18:54,003 [INFO]   Açıklanamayan kayıp          : 0
2026-04-29 14:18:54,003 [INFO] ==================================================
2026-04-29 14:18:54,004 [INFO] Pipeline tamamlandi. Toplam sure: 20.31 sn
2026-04-29 14:18:54,004 [INFO] ==================================================
2026-04-29 14:21:55,380 [INFO] dim_member SCD2 yukleniyor...
2026-04-29 14:21:55,510 [INFO] Staging'den 13804 kayit alindi.
2026-04-29 14:21:55,532 [INFO] dim_member'dan 15001 aktif kayit alindi.
2026-04-29 14:21:55,540 [INFO] dim_member SCD2 tamamlandi: 0 eklendi, 0 guncellendi, 13804 atlandi.
2026-04-29 14:21:55,583 [INFO] dim_member SCD2 yukleniyor...
2026-04-29 14:21:55,743 [INFO] Staging'den 13804 kayit alindi.
2026-04-29 14:21:55,765 [INFO] dim_member'dan 15001 aktif kayit alindi.
2026-04-29 14:21:55,771 [INFO] dim_member SCD2 tamamlandi: 0 eklendi, 0 guncellendi, 13804 atlandi.
2026-04-29 14:21:55,781 [INFO] dim_member SCD2 yukleniyor...
2026-04-29 14:21:55,881 [INFO] Staging'den 13804 kayit alindi.
2026-04-29 14:21:55,900 [INFO] dim_member'dan 15001 aktif kayit alindi.
2026-04-29 14:21:55,906 [INFO] dim_member SCD2 tamamlandi: 0 eklendi, 0 guncellendi, 13804 atlandi.
2026-04-29 14:21:55,948 [INFO] dim_member SCD2 yukleniyor...
2026-04-29 14:21:56,049 [INFO] Staging'den 13804 kayit alindi.
2026-04-29 14:21:56,066 [INFO] dim_member'dan 15001 aktif kayit alindi.
2026-04-29 14:21:56,071 [INFO] dim_member SCD2 tamamlandi: 0 eklendi, 0 guncellendi, 13804 atlandi.
2026-04-29 14:21:56,079 [INFO] dim_member SCD2 yukleniyor...
2026-04-29 14:21:56,176 [INFO] Staging'den 13804 kayit alindi.
2026-04-29 14:21:56,191 [INFO] dim_member'dan 15001 aktif kayit alindi.
2026-04-29 14:21:56,197 [INFO] dim_member SCD2 tamamlandi: 0 eklendi, 0 guncellendi, 13804 atlandi.
2026-04-29 14:21:56,230 [INFO] dim_member SCD2 yukleniyor...
2026-04-29 14:21:56,344 [INFO] Staging'den 13804 kayit alindi.
2026-04-29 14:21:56,366 [INFO] dim_member'dan 15001 aktif kayit alindi.
2026-04-29 14:21:56,371 [INFO] dim_member SCD2 tamamlandi: 0 eklendi, 0 guncellendi, 13804 atlandi.
2026-04-29 14:21:56,378 [INFO] dim_member SCD2 yukleniyor...
2026-04-29 14:21:56,470 [INFO] Staging'den 13804 kayit alindi.
2026-04-29 14:21:56,485 [INFO] dim_member'dan 15001 aktif kayit alindi.
2026-04-29 14:21:56,490 [INFO] dim_member SCD2 tamamlandi: 0 eklendi, 0 guncellendi, 13804 atlandi.
2026-04-29 14:21:56,538 [INFO] ==================================================
2026-04-29 14:21:56,539 [INFO] ETL Pipeline basliyor...
2026-04-29 14:21:56,603 [INFO] Fact ve dim tablolar temizlendi (dim_member korundu — SCD2).
2026-04-29 14:21:56,603 [INFO] dim_date yukleniyor...
2026-04-29 14:21:56,635 [INFO] dim_date araligi: 2021-12-01 → 2028-03-31
2026-04-29 14:21:56,730 [INFO] dim_date: 2313 gun yuklendi.
2026-04-29 14:21:56,730 [INFO] [OK] dim_date: 2313 satir, 0.13 sn
2026-04-29 14:21:56,730 [INFO] dim_plan yukleniyor...
2026-04-29 14:21:56,739 [INFO] dim_plan: 5 plan yuklendi.
2026-04-29 14:21:56,739 [INFO] [OK] dim_plan: 5 satir, 0.01 sn
2026-04-29 14:21:56,739 [INFO] dim_member SCD2 yukleniyor...
2026-04-29 14:21:56,841 [INFO] Staging'den 13804 kayit alindi.
2026-04-29 14:21:56,861 [INFO] dim_member'dan 15001 aktif kayit alindi.
2026-04-29 14:21:56,867 [INFO] dim_member SCD2 tamamlandi: 0 eklendi, 0 guncellendi, 13804 atlandi.
2026-04-29 14:21:56,874 [INFO] [OK] dim_member: 13804 satir, 0.13 sn
2026-04-29 14:21:56,874 [INFO] fact_payments yukleniyor...
2026-04-29 14:22:15,178 [INFO] fact_payments: 368229 kayit yuklendi.
2026-04-29 14:22:15,302 [INFO] [OK] fact_payments: 368229 satir, 18.43 sn
2026-04-29 14:22:15,302 [INFO] fact_lottery yukleniyor...
2026-04-29 14:22:16,430 [INFO] fact_lottery: 14973 kayit yuklendi.
2026-04-29 14:22:16,441 [INFO] [OK] fact_lottery: 14973 satir, 1.14 sn
2026-04-29 14:22:16,441 [INFO] ==================================================
2026-04-29 14:22:16,441 [INFO] SATIR KAYBI RAPORU
2026-04-29 14:22:16,457 [INFO] staging.members  → toplam     : 15004
2026-04-29 14:22:16,457 [INFO]   - NULL tc_hash filtresi      : 1200
2026-04-29 14:22:16,457 [INFO]   - Duplike (tc_hash bazlı)    : 0
2026-04-29 14:22:16,457 [INFO]   dim_member (is_current)      : 15001
2026-04-29 14:22:16,458 [INFO]   Açıklanamayan kayıp          : -1197
2026-04-29 14:22:16,512 [INFO] staging.payments → toplam     : 368297
2026-04-29 14:22:16,512 [INFO]   - FK mismatch (member yok)   : 68
2026-04-29 14:22:16,512 [INFO]   fact_payments               : 368229
2026-04-29 14:22:16,512 [INFO]   Açıklanamayan kayıp          : 0
2026-04-29 14:22:16,512 [INFO] ==================================================
2026-04-29 14:22:16,513 [INFO] Pipeline tamamlandi. Toplam sure: 19.97 sn
2026-04-29 14:22:16,513 [INFO] ==================================================
2026-04-29 14:24:26,555 [INFO] dim_member SCD2 yukleniyor...
2026-04-29 14:24:26,764 [INFO] Staging'den 13804 kayit alindi.
2026-04-29 14:24:26,810 [INFO] dim_member'dan 15001 aktif kayit alindi.
2026-04-29 14:24:26,824 [INFO] dim_member SCD2 tamamlandi: 0 eklendi, 0 guncellendi, 13804 atlandi.
2026-04-29 14:24:26,915 [INFO] dim_member SCD2 yukleniyor...
2026-04-29 14:24:27,181 [INFO] Staging'den 13804 kayit alindi.
2026-04-29 14:24:27,226 [INFO] dim_member'dan 15001 aktif kayit alindi.
2026-04-29 14:24:27,238 [INFO] dim_member SCD2 tamamlandi: 0 eklendi, 0 guncellendi, 13804 atlandi.
2026-04-29 14:24:27,261 [INFO] dim_member SCD2 yukleniyor...
2026-04-29 14:24:27,589 [INFO] Staging'den 13804 kayit alindi.
2026-04-29 14:24:27,634 [INFO] dim_member'dan 15001 aktif kayit alindi.
2026-04-29 14:24:27,646 [INFO] dim_member SCD2 tamamlandi: 0 eklendi, 0 guncellendi, 13804 atlandi.
2026-04-29 14:24:27,744 [INFO] dim_member SCD2 yukleniyor...
2026-04-29 14:24:28,016 [INFO] Staging'den 13804 kayit alindi.
2026-04-29 14:24:28,063 [INFO] dim_member'dan 15001 aktif kayit alindi.
2026-04-29 14:24:28,077 [INFO] dim_member SCD2 tamamlandi: 0 eklendi, 0 guncellendi, 13804 atlandi.
2026-04-29 14:24:28,107 [INFO] dim_member SCD2 yukleniyor...
2026-04-29 14:24:28,351 [INFO] Staging'den 13804 kayit alindi.
2026-04-29 14:24:28,409 [INFO] dim_member'dan 15001 aktif kayit alindi.
2026-04-29 14:24:28,425 [INFO] dim_member SCD2 tamamlandi: 0 eklendi, 0 guncellendi, 13804 atlandi.
2026-04-29 14:24:28,576 [INFO] dim_member SCD2 yukleniyor...
2026-04-29 14:24:28,845 [INFO] Staging'den 13804 kayit alindi.
2026-04-29 14:24:28,898 [INFO] dim_member'dan 15001 aktif kayit alindi.
2026-04-29 14:24:28,909 [INFO] dim_member SCD2 tamamlandi: 0 eklendi, 0 guncellendi, 13804 atlandi.
2026-04-29 14:24:28,924 [INFO] dim_member SCD2 yukleniyor...
2026-04-29 14:24:29,178 [INFO] Staging'den 13804 kayit alindi.
2026-04-29 14:24:29,238 [INFO] dim_member'dan 15001 aktif kayit alindi.
2026-04-29 14:24:29,252 [INFO] dim_member SCD2 tamamlandi: 0 eklendi, 0 guncellendi, 13804 atlandi.
2026-04-29 14:24:29,383 [INFO] ==================================================
2026-04-29 14:24:29,384 [INFO] ETL Pipeline basliyor...
2026-04-29 14:24:29,511 [INFO] Fact ve dim tablolar temizlendi (dim_member korundu — SCD2).
2026-04-29 14:24:29,512 [INFO] dim_date yukleniyor...
2026-04-29 14:24:29,623 [INFO] dim_date araligi: 2021-12-01 → 2028-03-31
2026-04-29 14:24:29,926 [INFO] dim_date: 2313 gun yuklendi.
2026-04-29 14:24:29,927 [ERROR] [HATA] dim_date: name 'log_pipeline_run' is not defined
2026-04-29 14:26:39,276 [INFO] dim_member SCD2 yukleniyor...
2026-04-29 14:26:39,402 [INFO] Staging'den 13804 kayit alindi.
2026-04-29 14:26:39,424 [INFO] dim_member'dan 15001 aktif kayit alindi.
2026-04-29 14:26:39,430 [INFO] dim_member SCD2 tamamlandi: 0 eklendi, 0 guncellendi, 13804 atlandi.
2026-04-29 14:26:39,465 [INFO] dim_member SCD2 yukleniyor...
2026-04-29 14:26:39,568 [INFO] Staging'den 13804 kayit alindi.
2026-04-29 14:26:39,584 [INFO] dim_member'dan 15001 aktif kayit alindi.
2026-04-29 14:26:39,589 [INFO] dim_member SCD2 tamamlandi: 0 eklendi, 0 guncellendi, 13804 atlandi.
2026-04-29 14:26:39,602 [INFO] dim_member SCD2 yukleniyor...
2026-04-29 14:26:39,691 [INFO] Staging'den 13804 kayit alindi.
2026-04-29 14:26:39,706 [INFO] dim_member'dan 15001 aktif kayit alindi.
2026-04-29 14:26:39,710 [INFO] dim_member SCD2 tamamlandi: 0 eklendi, 0 guncellendi, 13804 atlandi.
2026-04-29 14:26:39,752 [INFO] dim_member SCD2 yukleniyor...
2026-04-29 14:26:39,837 [INFO] Staging'den 13804 kayit alindi.
2026-04-29 14:26:39,854 [INFO] dim_member'dan 15001 aktif kayit alindi.
2026-04-29 14:26:39,858 [INFO] dim_member SCD2 tamamlandi: 0 eklendi, 0 guncellendi, 13804 atlandi.
2026-04-29 14:26:39,867 [INFO] dim_member SCD2 yukleniyor...
2026-04-29 14:26:39,958 [INFO] Staging'den 13804 kayit alindi.
2026-04-29 14:26:39,973 [INFO] dim_member'dan 15001 aktif kayit alindi.
2026-04-29 14:26:39,978 [INFO] dim_member SCD2 tamamlandi: 0 eklendi, 0 guncellendi, 13804 atlandi.
2026-04-29 14:26:40,015 [INFO] dim_member SCD2 yukleniyor...
2026-04-29 14:26:40,102 [INFO] Staging'den 13804 kayit alindi.
2026-04-29 14:26:40,136 [INFO] dim_member'dan 15001 aktif kayit alindi.
2026-04-29 14:26:40,141 [INFO] dim_member SCD2 tamamlandi: 0 eklendi, 0 guncellendi, 13804 atlandi.
2026-04-29 14:26:40,149 [INFO] dim_member SCD2 yukleniyor...
2026-04-29 14:26:40,282 [INFO] Staging'den 13804 kayit alindi.
2026-04-29 14:26:40,298 [INFO] dim_member'dan 15001 aktif kayit alindi.
2026-04-29 14:26:40,302 [INFO] dim_member SCD2 tamamlandi: 0 eklendi, 0 guncellendi, 13804 atlandi.
2026-04-29 14:26:40,340 [INFO] ==================================================
2026-04-29 14:26:40,341 [INFO] ETL Pipeline basliyor...
2026-04-29 14:26:40,375 [INFO] Fact ve dim tablolar temizlendi (dim_member korundu — SCD2).
2026-04-29 14:26:40,375 [INFO] dim_date yukleniyor...
2026-04-29 14:26:40,429 [INFO] dim_date araligi: 2021-12-01 → 2028-03-31
2026-04-29 14:26:40,582 [INFO] dim_date: 2313 gun yuklendi.
2026-04-29 14:26:40,590 [INFO] [OK] dim_date: 2313 satir, 0.21 sn
2026-04-29 14:26:40,590 [INFO] dim_plan yukleniyor...
2026-04-29 14:26:40,601 [INFO] dim_plan: 5 plan yuklendi.
2026-04-29 14:26:40,608 [INFO] [OK] dim_plan: 5 satir, 0.01 sn
2026-04-29 14:26:40,609 [INFO] dim_member SCD2 yukleniyor...
2026-04-29 14:26:40,722 [INFO] Staging'den 13804 kayit alindi.
2026-04-29 14:26:40,740 [INFO] dim_member'dan 15001 aktif kayit alindi.
2026-04-29 14:26:40,746 [INFO] dim_member SCD2 tamamlandi: 0 eklendi, 0 guncellendi, 13804 atlandi.
2026-04-29 14:26:40,755 [INFO] [OK] dim_member: 13804 satir, 0.14 sn
2026-04-29 14:26:40,755 [INFO] fact_payments yukleniyor...
2026-04-29 14:26:59,119 [INFO] fact_payments: 368229 kayit yuklendi.
2026-04-29 14:26:59,245 [INFO] [OK] fact_payments: 368229 satir, 18.49 sn
2026-04-29 14:26:59,245 [INFO] fact_lottery yukleniyor...
2026-04-29 14:27:00,384 [INFO] fact_lottery: 14973 kayit yuklendi.
2026-04-29 14:27:00,405 [INFO] [OK] fact_lottery: 14973 satir, 1.16 sn
2026-04-29 14:27:00,406 [INFO] ==================================================
2026-04-29 14:27:00,406 [INFO] SATIR KAYBI RAPORU
2026-04-29 14:27:00,425 [INFO] staging.members  → toplam     : 15004
2026-04-29 14:27:00,425 [INFO]   - NULL tc_hash filtresi      : 1200
2026-04-29 14:27:00,425 [INFO]   - Duplike (tc_hash bazlı)    : 0
2026-04-29 14:27:00,425 [INFO]   dim_member (is_current)      : 15001
2026-04-29 14:27:00,425 [INFO]   Açıklanamayan kayıp          : -1197
2026-04-29 14:27:00,498 [INFO] staging.payments → toplam     : 368297
2026-04-29 14:27:00,498 [INFO]   - FK mismatch (member yok)   : 68
2026-04-29 14:27:00,498 [INFO]   fact_payments               : 368229
2026-04-29 14:27:00,498 [INFO]   Açıklanamayan kayıp          : 0
2026-04-29 14:27:00,498 [INFO] ==================================================
2026-04-29 14:27:00,499 [INFO] Pipeline tamamlandi. Toplam sure: 20.16 sn
2026-04-29 14:27:00,499 [INFO] ==================================================
2026-04-29 15:10:14,327 [INFO] dim_member SCD2 yukleniyor...
2026-04-29 15:10:14,477 [INFO] Staging'den 13804 kayit alindi.
2026-04-29 15:10:14,508 [INFO] dim_member'dan 15001 aktif kayit alindi.
2026-04-29 15:10:14,513 [INFO] dim_member SCD2 tamamlandi: 0 eklendi, 0 guncellendi, 13804 atlandi.
2026-04-29 15:10:14,556 [INFO] dim_member SCD2 yukleniyor...
2026-04-29 15:10:14,713 [INFO] Staging'den 13804 kayit alindi.
2026-04-29 15:10:14,739 [INFO] dim_member'dan 15001 aktif kayit alindi.
2026-04-29 15:10:14,746 [INFO] dim_member SCD2 tamamlandi: 0 eklendi, 0 guncellendi, 13804 atlandi.
2026-04-29 15:10:14,762 [INFO] dim_member SCD2 yukleniyor...
2026-04-29 15:10:14,954 [INFO] Staging'den 13804 kayit alindi.
2026-04-29 15:10:14,984 [INFO] dim_member'dan 15001 aktif kayit alindi.
2026-04-29 15:10:14,992 [INFO] dim_member SCD2 tamamlandi: 0 eklendi, 0 guncellendi, 13804 atlandi.
2026-04-29 15:10:15,046 [INFO] dim_member SCD2 yukleniyor...
2026-04-29 15:10:15,251 [INFO] Staging'den 13804 kayit alindi.
2026-04-29 15:10:15,277 [INFO] dim_member'dan 15001 aktif kayit alindi.
2026-04-29 15:10:15,285 [INFO] dim_member SCD2 tamamlandi: 0 eklendi, 0 guncellendi, 13804 atlandi.
2026-04-29 15:10:15,295 [INFO] dim_member SCD2 yukleniyor...
2026-04-29 15:10:15,449 [INFO] Staging'den 13804 kayit alindi.
2026-04-29 15:10:15,469 [INFO] dim_member'dan 15001 aktif kayit alindi.
2026-04-29 15:10:15,474 [INFO] dim_member SCD2 tamamlandi: 0 eklendi, 0 guncellendi, 13804 atlandi.
2026-04-29 15:10:15,518 [INFO] dim_member SCD2 yukleniyor...
2026-04-29 15:10:15,649 [INFO] Staging'den 13804 kayit alindi.
2026-04-29 15:10:15,673 [INFO] dim_member'dan 15001 aktif kayit alindi.
2026-04-29 15:10:15,679 [INFO] dim_member SCD2 tamamlandi: 0 eklendi, 0 guncellendi, 13804 atlandi.
2026-04-29 15:10:15,688 [INFO] dim_member SCD2 yukleniyor...
2026-04-29 15:10:15,793 [INFO] Staging'den 13804 kayit alindi.
2026-04-29 15:10:15,810 [INFO] dim_member'dan 15001 aktif kayit alindi.
2026-04-29 15:10:15,815 [INFO] dim_member SCD2 tamamlandi: 0 eklendi, 0 guncellendi, 13804 atlandi.
2026-04-29 15:10:15,858 [INFO] ==================================================
2026-04-29 15:10:15,859 [INFO] ETL Pipeline basliyor...
2026-04-29 15:10:15,898 [INFO] dim_date yukleniyor...
2026-04-29 15:10:15,996 [INFO] dim_date araligi: 2021-12-01 → 2028-03-31
2026-04-29 15:10:16,117 [INFO] dim_date: 2313 gun yuklendi.
2026-04-29 15:10:16,117 [ERROR] [HATA] dim_date: name 'log_pipeline_run' is not defined
2026-04-29 15:11:21,950 [INFO] dim_member SCD2 yukleniyor...
2026-04-29 15:11:22,083 [INFO] Staging'den 13804 kayit alindi.
2026-04-29 15:11:22,105 [INFO] dim_member'dan 15001 aktif kayit alindi.
2026-04-29 15:11:22,111 [INFO] dim_member SCD2 tamamlandi: 0 eklendi, 0 guncellendi, 13804 atlandi.
2026-04-29 15:11:22,157 [INFO] dim_member SCD2 yukleniyor...
2026-04-29 15:11:22,279 [INFO] Staging'den 13804 kayit alindi.
2026-04-29 15:11:22,301 [INFO] dim_member'dan 15001 aktif kayit alindi.
2026-04-29 15:11:22,306 [INFO] dim_member SCD2 tamamlandi: 0 eklendi, 0 guncellendi, 13804 atlandi.
2026-04-29 15:11:22,315 [INFO] dim_member SCD2 yukleniyor...
2026-04-29 15:11:22,399 [INFO] Staging'den 13804 kayit alindi.
2026-04-29 15:11:22,414 [INFO] dim_member'dan 15001 aktif kayit alindi.
2026-04-29 15:11:22,418 [INFO] dim_member SCD2 tamamlandi: 0 eklendi, 0 guncellendi, 13804 atlandi.
2026-04-29 15:11:22,459 [INFO] dim_member SCD2 yukleniyor...
2026-04-29 15:11:22,573 [INFO] Staging'den 13804 kayit alindi.
2026-04-29 15:11:22,594 [INFO] dim_member'dan 15001 aktif kayit alindi.
2026-04-29 15:11:22,602 [INFO] dim_member SCD2 tamamlandi: 0 eklendi, 0 guncellendi, 13804 atlandi.
2026-04-29 15:11:22,614 [INFO] dim_member SCD2 yukleniyor...
2026-04-29 15:11:22,740 [INFO] Staging'den 13804 kayit alindi.
2026-04-29 15:11:22,771 [INFO] dim_member'dan 15001 aktif kayit alindi.
2026-04-29 15:11:22,782 [INFO] dim_member SCD2 tamamlandi: 0 eklendi, 0 guncellendi, 13804 atlandi.
2026-04-29 15:11:22,886 [INFO] dim_member SCD2 yukleniyor...
2026-04-29 15:11:23,104 [INFO] Staging'den 13804 kayit alindi.
2026-04-29 15:11:23,136 [INFO] dim_member'dan 15001 aktif kayit alindi.
2026-04-29 15:11:23,144 [INFO] dim_member SCD2 tamamlandi: 0 eklendi, 0 guncellendi, 13804 atlandi.
2026-04-29 15:11:23,154 [INFO] dim_member SCD2 yukleniyor...
2026-04-29 15:11:23,299 [INFO] Staging'den 13804 kayit alindi.
2026-04-29 15:11:23,315 [INFO] dim_member'dan 15001 aktif kayit alindi.
2026-04-29 15:11:23,321 [INFO] dim_member SCD2 tamamlandi: 0 eklendi, 0 guncellendi, 13804 atlandi.
2026-04-29 15:11:23,366 [INFO] ==================================================
2026-04-29 15:11:23,367 [INFO] ETL Pipeline basliyor...
2026-04-29 15:11:23,387 [INFO] dim_date yukleniyor...
2026-04-29 15:11:23,424 [INFO] dim_date araligi: 2021-12-01 → 2028-03-31
2026-04-29 15:11:23,550 [INFO] dim_date: 2313 gun yuklendi.
2026-04-29 15:11:23,558 [INFO] [OK] dim_date: 2313 satir, 0.16 sn
2026-04-29 15:11:23,559 [INFO] dim_plan yukleniyor...
2026-04-29 15:11:23,568 [INFO] dim_plan: 5 plan yuklendi.
2026-04-29 15:11:23,574 [INFO] [OK] dim_plan: 5 satir, 0.01 sn
2026-04-29 15:11:23,574 [INFO] dim_member SCD2 yukleniyor...
2026-04-29 15:11:23,718 [INFO] Staging'den 13804 kayit alindi.
2026-04-29 15:11:23,736 [INFO] dim_member'dan 15001 aktif kayit alindi.
2026-04-29 15:11:23,744 [INFO] dim_member SCD2 tamamlandi: 0 eklendi, 0 guncellendi, 13804 atlandi.
2026-04-29 15:11:23,755 [INFO] [OK] dim_member: 13804 satir, 0.18 sn
2026-04-29 15:11:23,755 [INFO] fact_payments yukleniyor...
2026-04-29 15:11:40,439 [INFO] fact_payments: 368229 kayit yuklendi.
2026-04-29 15:11:40,574 [INFO] [OK] fact_payments: 368229 satir, 16.81 sn
2026-04-29 15:11:40,574 [INFO] fact_lottery yukleniyor...
2026-04-29 15:11:41,980 [INFO] fact_lottery: 14973 kayit yuklendi.
2026-04-29 15:11:41,998 [INFO] [OK] fact_lottery: 14973 satir, 1.42 sn
2026-04-29 15:11:41,998 [INFO] ==================================================
2026-04-29 15:11:41,998 [INFO] SATIR KAYBI RAPORU
2026-04-29 15:11:42,016 [INFO] staging.members  → toplam     : 15004
2026-04-29 15:11:42,016 [INFO]   - NULL tc_hash filtresi      : 1200
2026-04-29 15:11:42,016 [INFO]   - Duplike (tc_hash bazlı)    : 0
2026-04-29 15:11:42,016 [INFO]   dim_member (is_current)      : 15001
2026-04-29 15:11:42,016 [INFO]   Açıklanamayan kayıp          : -1197
2026-04-29 15:11:42,116 [INFO] staging.payments → toplam     : 368297
2026-04-29 15:11:42,116 [INFO]   - FK mismatch (member yok)   : 68
2026-04-29 15:11:42,116 [INFO]   fact_payments               : 368229
2026-04-29 15:11:42,116 [INFO]   Açıklanamayan kayıp          : 0
2026-04-29 15:11:42,116 [INFO] ==================================================
2026-04-29 15:11:42,117 [INFO] Pipeline tamamlandi. Toplam sure: 18.75 sn
2026-04-29 15:11:42,117 [INFO] ==================================================
2026-04-30 10:46:38,336 [INFO] ==================================================
2026-04-30 10:46:38,339 [INFO] ETL Pipeline basliyor...
2026-04-30 10:46:38,669 [INFO] dim_date yukleniyor...
2026-04-30 10:46:39,205 [INFO] dim_date araligi: 2021-12-01 → 2028-03-31
2026-04-30 10:46:40,076 [INFO] dim_date: 2313 gun yuklendi.
2026-04-30 10:46:40,142 [INFO] [OK] dim_date: 2313 satir, 1.41 sn
2026-04-30 10:46:40,147 [INFO] dim_plan yukleniyor...
2026-04-30 10:46:40,201 [INFO] dim_plan: 5 plan yuklendi.
2026-04-30 10:46:40,237 [INFO] [OK] dim_plan: 5 satir, 0.06 sn
2026-04-30 10:46:40,239 [INFO] dim_member SCD2 yukleniyor...
2026-04-30 10:46:41,148 [INFO] Staging'den 13804 kayit alindi.
2026-04-30 10:46:41,493 [INFO] dim_member'dan 15001 aktif kayit alindi.
2026-04-30 10:46:41,527 [INFO] dim_member SCD2 tamamlandi: 0 eklendi, 0 guncellendi, 13804 atlandi.
2026-04-30 10:46:41,580 [INFO] [OK] dim_member: 13804 satir, 1.31 sn
2026-04-30 10:46:41,584 [INFO] fact_payments yukleniyor...
2026-04-30 10:47:14,695 [INFO] fact_payments: 368229 kayit yuklendi.
2026-04-30 10:47:14,907 [INFO] [OK] fact_payments: 368229 satir, 33.31 sn
2026-04-30 10:47:14,907 [INFO] fact_lottery yukleniyor...
2026-04-30 10:47:17,560 [INFO] fact_lottery: 14973 kayit yuklendi.
2026-04-30 10:47:17,587 [INFO] [OK] fact_lottery: 14973 satir, 2.67 sn
2026-04-30 10:47:17,587 [INFO] ==================================================
2026-04-30 10:47:17,588 [INFO] SATIR KAYBI RAPORU
2026-04-30 10:47:17,624 [INFO] staging.members  → toplam     : 15004
2026-04-30 10:47:17,624 [INFO]   - NULL tc_hash filtresi      : 1200
2026-04-30 10:47:17,625 [INFO]   - Duplike (tc_hash bazlı)    : 0
2026-04-30 10:47:17,625 [INFO]   dim_member (is_current)      : 15001
2026-04-30 10:47:17,626 [INFO]   Açıklanamayan kayıp          : -1197
2026-04-30 10:47:17,811 [INFO] staging.payments → toplam     : 368297
2026-04-30 10:47:17,811 [INFO]   - FK mismatch (member yok)   : 68
2026-04-30 10:47:17,812 [INFO]   fact_payments               : 368229
2026-04-30 10:47:17,812 [INFO]   Açıklanamayan kayıp          : 0
2026-04-30 10:47:17,812 [INFO] ==================================================
2026-04-30 10:47:17,813 [INFO] Pipeline tamamlandi. Toplam sure: 39.47 sn
2026-04-30 10:47:17,813 [INFO] ==================================================
